2026-09-10 10:54:23 +0000 [MT] Initial pipeline context: <IDEDistributionProcessingPipelineContext: 0x8b13d1800; archive(resolved)="<IDEArchive: 0x8b0f34af0>", distributionTask(resolved)="2", distributionDestination(resolved)="1", distributionMethod(resolved)="<IDEDistributionMethodiOSAppStoreDistribution: 0x8b188b270>", team(resolved)="<IDEProvisioningBasicTeam: 0x8af0308c0; teamID='9K2J8D2ARR', teamName='(null)'>">
	Chain (15, self inclusive):
	<IDEDistributionProcessingPipelineContext: 0x8b13d1800; archive = "<IDEArchive: 0x8b0f34af0>", distributionMethod="<IDEDistributionMethodiOSAppStoreDistribution: 0x8b188b270>", team="<IDEProvisioningBasicTeam: 0x8af0308c0; teamID='9K2J8D2ARR', teamName='(null)'>">
	<IDEDistributionProcessingPipelineContext: 0x8b13d1200; archive = "<IDEArchive: 0x8b0f34af0>", distributionMethod="<IDEDistributionMethodiOSAppStoreDistribution: 0x8b188b270>", team="<IDEProvisioningBasicTeam: 0x8af0308c0; teamID='9K2J8D2ARR', teamName='(null)'>">
	<IDEDistributionContext: 0x8af6f7200; archive = "<IDEArchive: 0x8b0f34af0>", distributionMethod="<IDEDistributionMethodiOSAppStoreDistribution: 0x8b188b270>", team="<IDEProvisioningBasicTeam: 0x8af0308c0; teamID='9K2J8D2ARR', teamName='(null)'>">
	<IDEDistributionContext: 0x8af6f6080; archive = "<IDEArchive: 0x8b0f34af0>", distributionMethod="<IDEDistributionMethodiOSAppStoreDistribution: 0x8b188b270>", team="<IDEProvisioningBasicTeam: 0x8af0308c0; teamID='9K2J8D2ARR', teamName='(null)'>">
	<IDEDistributionContext: 0x8af6f5e00; archive = "<IDEArchive: 0x8b0f34af0>", distributionMethod="<IDEDistributionMethodiOSAppStoreDistribution: 0x8b188b270>", team="<IDEProvisioningBasicTeam: 0x8af0308c0; teamID='9K2J8D2ARR', teamName='(null)'>">
	<IDEDistributionContext: 0x8af6f5b80; archive = "<IDEArchive: 0x8b0f34af0>", distributionMethod="<IDEDistributionMethodiOSAppStoreDistribution: 0x8b188b270>", team="<IDEProvisioningBasicTeam: 0x8af0308c0; teamID='9K2J8D2ARR', teamName='(null)'>">
	<IDEDistributionContext: 0x8af6f5900; archive = "<IDEArchive: 0x8b0f34af0>", distributionMethod="<IDEDistributionMethodiOSAppStoreDistribution: 0x8b188b270>", team="<IDEProvisioningBasicTeam: 0x8af0308c0; teamID='9K2J8D2ARR', teamName='(null)'>">
	<IDEDistributionContext: 0x8af6f5680; archive = "<IDEArchive: 0x8b0f34af0>", distributionMethod="<IDEDistributionMethodiOSAppStoreDistribution: 0x8b188b270>", team="<IDEProvisioningBasicTeam: 0x8af0308c0; teamID='9K2J8D2ARR', teamName='(null)'>">
	<IDEDistributionContext: 0x8af6f4f00; archive = "<IDEArchive: 0x8b0f34af0>", distributionMethod="<IDEDistributionMethodiOSAppStoreDistribution: 0x8b188b270>", team="<IDEProvisioningBasicTeam: 0x8af0308c0; teamID='9K2J8D2ARR', teamName='(null)'>">
	<IDEDistributionContext: 0x8af6f4c80; archive = "<IDEArchive: 0x8b0f34af0>", distributionMethod="<IDEDistributionMethodiOSAppStoreDistribution: 0x8b188b270>", team="<IDEProvisioningBasicTeam: 0x8af0308c0; teamID='9K2J8D2ARR', teamName='(null)'>">
	<IDEDistributionContext: 0x8af6f4a00; archive = "<IDEArchive: 0x8b0f34af0>", distributionMethod="<IDEDistributionMethodiOSAppStoreDistribution: 0x8b188b270>", team="<IDEProvisioningBasicTeam: 0x8af0308c0; teamID='9K2J8D2ARR', teamName='(null)'>">
	<IDEDistributionContext: 0x8af6f4780; archive = "<IDEArchive: 0x8b0f34af0>", distributionMethod="<IDEDistributionMethodiOSAppStoreDistribution: 0x8b188b270>", team="<IDEProvisioningBasicTeam: 0x8af0308c0; teamID='9K2J8D2ARR', teamName='(null)'>">
	<IDEDistributionContext: 0x8af6f4500; archive = "<IDEArchive: 0x8b0f34af0>", distributionMethod="<IDEDistributionMethodiOSAppStoreDistribution: 0x8b188b270>", team="(null)">
	<IDEDistributionContext: 0x8af6f4280; archive = "<IDEArchive: 0x8b0f34af0>", distributionMethod="<IDEDistributionMethodiOSAppStoreDistribution: 0x8b188b270>", team="(null)">
	<IDEDistributionContext: 0x105eee3c0; archive = "<IDEArchive: 0x8b0f34af0>", distributionMethod="(null)", team="(null)">
</IDEDistributionProcessingPipelineContext: 0x8b13d1800>
2026-09-10 10:54:23 +0000 [MT] Processing step: IDEDistributionCreateDestRootStep
2026-09-10 10:54:23 +0000 [MT] Processing step: IDEDistributionCopyItemStep
2026-09-10 10:54:23 +0000 [MT] Running /usr/bin/ditto '-V' '/Users/pedropacheco1/levapp-batch-wt2/build/LevApp-16.xcarchive/Products/Applications/LevApp.app' '/var/folders/9f/md89x3zj38j9zh0x6v40xsq80000gp/T/XcodeDistPipeline.~~~Ugmilv/Root/Payload/LevApp.app'
2026-09-10 10:54:23 +0000  >>> Copying /Users/pedropacheco1/levapp-batch-wt2/build/LevApp-16.xcarchive/Products/Applications/LevApp.app 
2026-09-10 10:54:23 +0000  copying file ./_CodeSignature/CodeResources ... 
2026-09-10 10:54:23 +0000  41935 bytes for ./_CodeSignature/CodeResources
2026-09-10 10:54:23 +0000  copying file ./LevApp ... 
2026-09-10 10:54:24 +0000  6249536 bytes for ./LevApp
2026-09-10 10:54:24 +0000  copying file ./SplashScreen.storyboardc/EXPO-VIEWCONTROLLER-1-view-EXPO-ContainerView.nib ... 
2026-09-10 10:54:24 +0000  2192 bytes for ./SplashScreen.storyboardc/EXPO-VIEWCONTROLLER-1-view-EXPO-ContainerView.nib
2026-09-10 10:54:24 +0000  copying file ./SplashScreen.storyboardc/SplashScreenViewController.nib ... 
2026-09-10 10:54:24 +0000  1004 bytes for ./SplashScreen.storyboardc/SplashScreenViewController.nib
copying file ./SplashScreen.storyboardc/Info.plist ... 
2026-09-10 10:54:24 +0000  225 bytes for ./SplashScreen.storyboardc/Info.plist
2026-09-10 10:54:24 +0000  copying file ./EXUpdates.bundle/app.manifest ... 
2026-09-10 10:54:24 +0000  22882 bytes for ./EXUpdates.bundle/app.manifest
2026-09-10 10:54:24 +0000  copying file ./EXUpdates.bundle/Info.plist ... 
2026-09-10 10:54:24 +0000  767 bytes for ./EXUpdates.bundle/Info.plist
2026-09-10 10:54:24 +0000  copying file ./ReachabilitySwift.bundle/PrivacyInfo.xcprivacy ... 
2026-09-10 10:54:24 +0000  228 bytes for ./ReachabilitySwift.bundle/PrivacyInfo.xcprivacy
2026-09-10 10:54:24 +0000  copying file ./ReachabilitySwift.bundle/Info.plist ... 
2026-09-10 10:54:24 +0000  783 bytes for ./ReachabilitySwift.bundle/Info.plist
2026-09-10 10:54:24 +0000  copying file ./ExpoLocalization_privacy.bundle/PrivacyInfo.xcprivacy ... 
2026-09-10 10:54:24 +0000  607 bytes for ./ExpoLocalization_privacy.bundle/PrivacyInfo.xcprivacy
copying file ./ExpoLocalization_privacy.bundle/Info.plist ... 
2026-09-10 10:54:24 +0000  798 bytes for ./ExpoLocalization_privacy.bundle/Info.plist
2026-09-10 10:54:24 +0000  copying file ./AppIcon60x60@2x.png ... 
2026-09-10 10:54:24 +0000  9085 bytes for ./AppIcon60x60@2x.png
2026-09-10 10:54:24 +0000  copying file ./ExpoConstants_privacy.bundle/PrivacyInfo.xcprivacy ... 
2026-09-10 10:54:24 +0000  607 bytes for ./ExpoConstants_privacy.bundle/PrivacyInfo.xcprivacy
copying file ./ExpoConstants_privacy.bundle/Info.plist ... 
2026-09-10 10:54:24 +0000  793 bytes for ./ExpoConstants_privacy.bundle/Info.plist
2026-09-10 10:54:24 +0000  copying file ./React-cxxreact_privacy.bundle/PrivacyInfo.xcprivacy ... 
2026-09-10 10:54:24 +0000  552 bytes for ./React-cxxreact_privacy.bundle/PrivacyInfo.xcprivacy
copying file ./React-cxxreact_privacy.bundle/Info.plist ... 
2026-09-10 10:54:24 +0000  794 bytes for ./React-cxxreact_privacy.bundle/Info.plist
2026-09-10 10:54:24 +0000  copying file ./ExpoApplication_privacy.bundle/PrivacyInfo.xcprivacy ... 
608 bytes for ./ExpoApplication_privacy.bundle/PrivacyInfo.xcprivacy
copying file ./ExpoApplication_privacy.bundle/Info.plist ... 
795 bytes for ./ExpoApplication_privacy.bundle/Info.plist
copying file ./Assets.car ... 
2026-09-10 10:54:24 +0000  335000 bytes for ./Assets.car
copying file ./AppIcon76x76@2x~ipad.png ... 
2026-09-10 10:54:24 +0000  12651 bytes for ./AppIcon76x76@2x~ipad.png
copying file ./main.jsbundle ... 
2026-09-10 10:54:24 +0000  8902238 bytes for ./main.jsbundle
2026-09-10 10:54:24 +0000  copying file ./EXConstants.bundle/app.config ... 
2026-09-10 10:54:24 +0000  1402 bytes for ./EXConstants.bundle/app.config
copying file ./EXConstants.bundle/Info.plist ... 
2026-09-10 10:54:24 +0000  771 bytes for ./EXConstants.bundle/Info.plist
2026-09-10 10:54:24 +0000  copying file ./ExpoDevice_privacy.bundle/PrivacyInfo.xcprivacy ... 
609 bytes for ./ExpoDevice_privacy.bundle/PrivacyInfo.xcprivacy
copying file ./ExpoDevice_privacy.bundle/Info.plist ... 
2026-09-10 10:54:24 +0000  786 bytes for ./ExpoDevice_privacy.bundle/Info.plist
2026-09-10 10:54:24 +0000  copying file ./PrivacyInfo.xcprivacy ... 
2026-09-10 10:54:24 +0000  1283 bytes for ./PrivacyInfo.xcprivacy
2026-09-10 10:54:24 +0000  copying file ./ExpoNotifications_privacy.bundle/PrivacyInfo.xcprivacy ... 
2026-09-10 10:54:24 +0000  607 bytes for ./ExpoNotifications_privacy.bundle/PrivacyInfo.xcprivacy
copying file ./ExpoNotifications_privacy.bundle/Info.plist ... 
801 bytes for ./ExpoNotifications_privacy.bundle/Info.plist
2026-09-10 10:54:24 +0000  copying file ./RNSVGFilters.bundle/RNSVGArithmeticFilter.iphoneos.metallib ... 
2026-09-10 10:54:24 +0000  3993 bytes for ./RNSVGFilters.bundle/RNSVGArithmeticFilter.iphoneos.metallib
copying file ./RNSVGFilters.bundle/RNSVGCompositeXor.iphoneos.metallib ... 
2026-09-10 10:54:24 +0000  3509 bytes for ./RNSVGFilters.bundle/RNSVGCompositeXor.iphoneos.metallib
2026-09-10 10:54:24 +0000  copying file ./RNSVGFilters.bundle/Info.plist ... 
2026-09-10 10:54:24 +0000  773 bytes for ./RNSVGFilters.bundle/Info.plist
2026-09-10 10:54:24 +0000  copying file ./ExpoFileSystem_privacy.bundle/PrivacyInfo.xcprivacy ... 
877 bytes for ./ExpoFileSystem_privacy.bundle/PrivacyInfo.xcprivacy
copying file ./ExpoFileSystem_privacy.bundle/Info.plist ... 
795 bytes for ./ExpoFileSystem_privacy.bundle/Info.plist
2026-09-10 10:54:24 +0000  copying file ./Frameworks/React.framework/_CodeSignature/CodeResources ... 
2026-09-10 10:54:24 +0000  1798 bytes for ./Frameworks/React.framework/_CodeSignature/CodeResources
2026-09-10 10:54:24 +0000  copying file ./Frameworks/React.framework/React ... 
2026-09-10 10:54:24 +0000  11306592 bytes for ./Frameworks/React.framework/React
copying file ./Frameworks/React.framework/Info.plist ... 
2026-09-10 10:54:24 +0000  749 bytes for ./Frameworks/React.framework/Info.plist
2026-09-10 10:54:24 +0000  copying file ./Frameworks/ReactNativeDependencies.framework/_CodeSignature/CodeResources ... 
3548 bytes for ./Frameworks/ReactNativeDependencies.framework/_CodeSignature/CodeResources
copying file ./Frameworks/ReactNativeDependencies.framework/ReactNativeDependencies_folly.bundle/PrivacyInfo.xcprivacy ... 
2026-09-10 10:54:24 +0000  552 bytes for ./Frameworks/ReactNativeDependencies.framework/ReactNativeDependencies_folly.bundle/PrivacyInfo.xcprivacy
2026-09-10 10:54:24 +0000  copying file ./Frameworks/ReactNativeDependencies.framework/ReactNativeDependencies_folly.bundle/Info.plist ... 
2026-09-10 10:54:24 +0000  690 bytes for ./Frameworks/ReactNativeDependencies.framework/ReactNativeDependencies_folly.bundle/Info.plist
copying file ./Frameworks/ReactNativeDependencies.framework/ReactNativeDependencies ... 
2026-09-10 10:54:24 +0000  1279920 bytes for ./Frameworks/ReactNativeDependencies.framework/ReactNativeDependencies
2026-09-10 10:54:24 +0000  copying file ./Frameworks/ReactNativeDependencies.framework/ReactNativeDependencies_glog.bundle/PrivacyInfo.xcprivacy ... 
2026-09-10 10:54:24 +0000  552 bytes for ./Frameworks/ReactNativeDependencies.framework/ReactNativeDependencies_glog.bundle/PrivacyInfo.xcprivacy
2026-09-10 10:54:24 +0000  copying file ./Frameworks/ReactNativeDependencies.framework/ReactNativeDependencies_glog.bundle/Info.plist ... 
2026-09-10 10:54:24 +0000  688 bytes for ./Frameworks/ReactNativeDependencies.framework/ReactNativeDependencies_glog.bundle/Info.plist
2026-09-10 10:54:24 +0000  copying file ./Frameworks/ReactNativeDependencies.framework/ReactNativeDependencies_boost.bundle/PrivacyInfo.xcprivacy ... 
2026-09-10 10:54:24 +0000  776 bytes for ./Frameworks/ReactNativeDependencies.framework/ReactNativeDependencies_boost.bundle/PrivacyInfo.xcprivacy
2026-09-10 10:54:24 +0000  copying file ./Frameworks/ReactNativeDependencies.framework/ReactNativeDependencies_boost.bundle/Info.plist ... 
2026-09-10 10:54:24 +0000  690 bytes for ./Frameworks/ReactNativeDependencies.framework/ReactNativeDependencies_boost.bundle/Info.plist
copying file ./Frameworks/ReactNativeDependencies.framework/Info.plist ... 
2026-09-10 10:54:24 +0000  782 bytes for ./Frameworks/ReactNativeDependencies.framework/Info.plist
copying file ./Frameworks/hermes.framework/_CodeSignature/CodeResources ... 
2026-09-10 10:54:24 +0000  1798 bytes for ./Frameworks/hermes.framework/_CodeSignature/CodeResources
copying file ./Frameworks/hermes.framework/hermes ... 
2026-09-10 10:54:24 +0000  4728096 bytes for ./Frameworks/hermes.framework/hermes
copying file ./Frameworks/hermes.framework/Info.plist ... 
2026-09-10 10:54:24 +0000  859 bytes for ./Frameworks/hermes.framework/Info.plist
2026-09-10 10:54:24 +0000  copying file ./embedded.mobileprovision ... 
2026-09-10 10:54:24 +0000  12703 bytes for ./embedded.mobileprovision
2026-09-10 10:54:24 +0000  copying file ./assets/node_modules/@react-navigation/elements/lib/module/assets/back-icon@3x.png ... 
2026-09-10 10:54:24 +0000  761 bytes for ./assets/node_modules/@react-navigation/elements/lib/module/assets/back-icon@3x.png
copying file ./assets/node_modules/@react-navigation/elements/lib/module/assets/back-icon@2x.png ... 
2026-09-10 10:54:24 +0000  405 bytes for ./assets/node_modules/@react-navigation/elements/lib/module/assets/back-icon@2x.png
copying file ./assets/node_modules/@react-navigation/elements/lib/module/assets/search-icon@2x.png ... 
2026-09-10 10:54:24 +0000  589 bytes for ./assets/node_modules/@react-navigation/elements/lib/module/assets/search-icon@2x.png
copying file ./assets/node_modules/@react-navigation/elements/lib/module/assets/clear-icon@3x.png ... 
2026-09-10 10:54:24 +0000  502 bytes for ./assets/node_modules/@react-navigation/elements/lib/module/assets/clear-icon@3x.png
copying file ./assets/node_modules/@react-navigation/elements/lib/module/assets/back-icon.png ... 
290 bytes for ./assets/node_modules/@react-navigation/elements/lib/module/assets/back-icon.png
copying file ./assets/node_modules/@react-navigation/elements/lib/module/assets/clear-icon@2x.png ... 
334 bytes for ./assets/node_modules/@react-navigation/elements/lib/module/assets/clear-icon@2x.png
copying file ./assets/node_modules/@react-navigation/elements/lib/module/assets/search-icon@3x.png ... 
839 bytes for ./assets/node_modules/@react-navigation/elements/lib/module/assets/search-icon@3x.png
copying file ./assets/node_modules/@react-navigation/elements/lib/module/assets/close-icon.png ... 
141 bytes for ./assets/node_modules/@react-navigation/elements/lib/module/assets/close-icon.png
copying file ./assets/node_modules/@react-navigation/elements/lib/module/assets/back-icon-mask.png ... 
653 bytes for ./assets/node_modules/@react-navigation/elements/lib/module/assets/back-icon-mask.png
2026-09-10 10:54:24 +0000  copying file ./assets/node_modules/@react-navigation/elements/lib/module/assets/close-icon@2x.png ... 
2026-09-10 10:54:24 +0000  201 bytes for ./assets/node_modules/@react-navigation/elements/lib/module/assets/close-icon@2x.png
2026-09-10 10:54:24 +0000  copying file ./assets/node_modules/@react-navigation/elements/lib/module/assets/close-icon@3x.png ... 
2026-09-10 10:54:24 +0000  266 bytes for ./assets/node_modules/@react-navigation/elements/lib/module/assets/close-icon@3x.png
2026-09-10 10:54:24 +0000  copying file ./assets/node_modules/@react-navigation/elements/lib/module/assets/clear-icon.png ... 
2026-09-10 10:54:24 +0000  220 bytes for ./assets/node_modules/@react-navigation/elements/lib/module/assets/clear-icon.png
copying file ./assets/node_modules/@react-navigation/elements/lib/module/assets/search-icon.png ... 
2026-09-10 10:54:24 +0000  317 bytes for ./assets/node_modules/@react-navigation/elements/lib/module/assets/search-icon.png
2026-09-10 10:54:24 +0000  copying file ./assets/node_modules/@expo/vector-icons/build/vendor/react-native-vector-icons/Fonts/Fontisto.ttf ... 
2026-09-10 10:54:24 +0000  313528 bytes for ./assets/node_modules/@expo/vector-icons/build/vendor/react-native-vector-icons/Fonts/Fontisto.ttf
2026-09-10 10:54:24 +0000  copying file ./assets/node_modules/@expo/vector-icons/build/vendor/react-native-vector-icons/Fonts/Octicons.ttf ... 
2026-09-10 10:54:24 +0000  69436 bytes for ./assets/node_modules/@expo/vector-icons/build/vendor/react-native-vector-icons/Fonts/Octicons.ttf
2026-09-10 10:54:24 +0000  copying file ./assets/node_modules/@expo/vector-icons/build/vendor/react-native-vector-icons/Fonts/Feather.ttf ... 
2026-09-10 10:54:24 +0000  55596 bytes for ./assets/node_modules/@expo/vector-icons/build/vendor/react-native-vector-icons/Fonts/Feather.ttf
2026-09-10 10:54:24 +0000  copying file ./assets/node_modules/@expo/vector-icons/build/vendor/react-native-vector-icons/Fonts/FontAwesome6_Regular.ttf ... 
2026-09-10 10:54:24 +0000  67976 bytes for ./assets/node_modules/@expo/vector-icons/build/vendor/react-native-vector-icons/Fonts/FontAwesome6_Regular.ttf
2026-09-10 10:54:24 +0000  copying file ./assets/node_modules/@expo/vector-icons/build/vendor/react-native-vector-icons/Fonts/Entypo.ttf ... 
2026-09-10 10:54:24 +0000  66200 bytes for ./assets/node_modules/@expo/vector-icons/build/vendor/react-native-vector-icons/Fonts/Entypo.ttf
2026-09-10 10:54:24 +0000  copying file ./assets/node_modules/@expo/vector-icons/build/vendor/react-native-vector-icons/Fonts/FontAwesome5_Brands.ttf ... 
2026-09-10 10:54:24 +0000  134040 bytes for ./assets/node_modules/@expo/vector-icons/build/vendor/react-native-vector-icons/Fonts/FontAwesome5_Brands.ttf
2026-09-10 10:54:24 +0000  copying file ./assets/node_modules/@expo/vector-icons/build/vendor/react-native-vector-icons/Fonts/MaterialCommunityIcons.ttf ... 
2026-09-10 10:54:24 +0000  1307660 bytes for ./assets/node_modules/@expo/vector-icons/build/vendor/react-native-vector-icons/Fonts/MaterialCommunityIcons.ttf
2026-09-10 10:54:24 +0000  copying file ./assets/node_modules/@expo/vector-icons/build/vendor/react-native-vector-icons/Fonts/AntDesign.ttf ... 
2026-09-10 10:54:24 +0000  130484 bytes for ./assets/node_modules/@expo/vector-icons/build/vendor/react-native-vector-icons/Fonts/AntDesign.ttf
2026-09-10 10:54:24 +0000  copying file ./assets/node_modules/@expo/vector-icons/build/vendor/react-native-vector-icons/Fonts/Foundation.ttf ... 
2026-09-10 10:54:24 +0000  56976 bytes for ./assets/node_modules/@expo/vector-icons/build/vendor/react-native-vector-icons/Fonts/Foundation.ttf
2026-09-10 10:54:24 +0000  copying file ./assets/node_modules/@expo/vector-icons/build/vendor/react-native-vector-icons/Fonts/Ionicons.ttf ... 
2026-09-10 10:54:24 +0000  389724 bytes for ./assets/node_modules/@expo/vector-icons/build/vendor/react-native-vector-icons/Fonts/Ionicons.ttf
2026-09-10 10:54:24 +0000  copying file ./assets/node_modules/@expo/vector-icons/build/vendor/react-native-vector-icons/Fonts/FontAwesome5_Solid.ttf ... 
2026-09-10 10:54:24 +0000  202744 bytes for ./assets/node_modules/@expo/vector-icons/build/vendor/react-native-vector-icons/Fonts/FontAwesome5_Solid.ttf
copying file ./assets/node_modules/@expo/vector-icons/build/vendor/react-native-vector-icons/Fonts/FontAwesome5_Regular.ttf ... 
2026-09-10 10:54:24 +0000  33736 bytes for ./assets/node_modules/@expo/vector-icons/build/vendor/react-native-vector-icons/Fonts/FontAwesome5_Regular.ttf
copying file ./assets/node_modules/@expo/vector-icons/build/vendor/react-native-vector-icons/Fonts/FontAwesome.ttf ... 
2026-09-10 10:54:24 +0000  165548 bytes for ./assets/node_modules/@expo/vector-icons/build/vendor/react-native-vector-icons/Fonts/FontAwesome.ttf
copying file ./assets/node_modules/@expo/vector-icons/build/vendor/react-native-vector-icons/Fonts/Zocial.ttf ... 
2026-09-10 10:54:24 +0000  25788 bytes for ./assets/node_modules/@expo/vector-icons/build/vendor/react-native-vector-icons/Fonts/Zocial.ttf
copying file ./assets/node_modules/@expo/vector-icons/build/vendor/react-native-vector-icons/Fonts/EvilIcons.ttf ... 
2026-09-10 10:54:24 +0000  13456 bytes for ./assets/node_modules/@expo/vector-icons/build/vendor/react-native-vector-icons/Fonts/EvilIcons.ttf
2026-09-10 10:54:24 +0000  copying file ./assets/node_modules/@expo/vector-icons/build/vendor/react-native-vector-icons/Fonts/FontAwesome6_Solid.ttf ... 
2026-09-10 10:54:24 +0000  423676 bytes for ./assets/node_modules/@expo/vector-icons/build/vendor/react-native-vector-icons/Fonts/FontAwesome6_Solid.ttf
copying file ./assets/node_modules/@expo/vector-icons/build/vendor/react-native-vector-icons/Fonts/SimpleLineIcons.ttf ... 
2026-09-10 10:54:24 +0000  54056 bytes for ./assets/node_modules/@expo/vector-icons/build/vendor/react-native-vector-icons/Fonts/SimpleLineIcons.ttf
2026-09-10 10:54:24 +0000  copying file ./assets/node_modules/@expo/vector-icons/build/vendor/react-native-vector-icons/Fonts/FontAwesome6_Brands.ttf ... 
2026-09-10 10:54:24 +0000  209376 bytes for ./assets/node_modules/@expo/vector-icons/build/vendor/react-native-vector-icons/Fonts/FontAwesome6_Brands.ttf
2026-09-10 10:54:24 +0000  copying file ./assets/node_modules/@expo/vector-icons/build/vendor/react-native-vector-icons/Fonts/MaterialIcons.ttf ... 
2026-09-10 10:54:24 +0000  356840 bytes for ./assets/node_modules/@expo/vector-icons/build/vendor/react-native-vector-icons/Fonts/MaterialIcons.ttf
2026-09-10 10:54:24 +0000  copying file ./assets/node_modules/expo-router/assets/pkg.png ... 
2026-09-10 10:54:24 +0000  364 bytes for ./assets/node_modules/expo-router/assets/pkg.png
2026-09-10 10:54:24 +0000  copying file ./assets/node_modules/expo-router/assets/unmatched.png ... 
2026-09-10 10:54:24 +0000  4752 bytes for ./assets/node_modules/expo-router/assets/unmatched.png
copying file ./assets/node_modules/expo-router/assets/file.png ... 
2026-09-10 10:54:24 +0000  138 bytes for ./assets/node_modules/expo-router/assets/file.png
2026-09-10 10:54:24 +0000  copying file ./assets/node_modules/expo-router/assets/forward.png ... 
2026-09-10 10:54:24 +0000  188 bytes for ./assets/node_modules/expo-router/assets/forward.png
copying file ./assets/node_modules/expo-router/assets/error.png ... 
2026-09-10 10:54:24 +0000  469 bytes for ./assets/node_modules/expo-router/assets/error.png
copying file ./assets/node_modules/expo-router/assets/sitemap.png ... 
2026-09-10 10:54:24 +0000  465 bytes for ./assets/node_modules/expo-router/assets/sitemap.png
2026-09-10 10:54:24 +0000  copying file ./assets/node_modules/expo-router/assets/arrow_down.png ... 
2026-09-10 10:54:24 +0000  9456 bytes for ./assets/node_modules/expo-router/assets/arrow_down.png
2026-09-10 10:54:24 +0000  copying file ./assets/__node_modules/@expo-google-fonts/plus-jakarta-sans/200ExtraLight/PlusJakartaSans_200ExtraLight.ttf ... 
2026-09-10 10:54:24 +0000  94760 bytes for ./assets/__node_modules/@expo-google-fonts/plus-jakarta-sans/200ExtraLight/PlusJakartaSans_200ExtraLight.ttf
2026-09-10 10:54:24 +0000  copying file ./assets/__node_modules/@expo-google-fonts/plus-jakarta-sans/800ExtraBold/PlusJakartaSans_800ExtraBold.ttf ... 
2026-09-10 10:54:24 +0000  94780 bytes for ./assets/__node_modules/@expo-google-fonts/plus-jakarta-sans/800ExtraBold/PlusJakartaSans_800ExtraBold.ttf
2026-09-10 10:54:24 +0000  copying file ./assets/__node_modules/@expo-google-fonts/plus-jakarta-sans/700Bold_Italic/PlusJakartaSans_700Bold_Italic.ttf ... 
2026-09-10 10:54:24 +0000  97000 bytes for ./assets/__node_modules/@expo-google-fonts/plus-jakarta-sans/700Bold_Italic/PlusJakartaSans_700Bold_Italic.ttf
2026-09-10 10:54:24 +0000  copying file ./assets/__node_modules/@expo-google-fonts/plus-jakarta-sans/500Medium_Italic/PlusJakartaSans_500Medium_Italic.ttf ... 
2026-09-10 10:54:24 +0000  97116 bytes for ./assets/__node_modules/@expo-google-fonts/plus-jakarta-sans/500Medium_Italic/PlusJakartaSans_500Medium_Italic.ttf
copying file ./assets/__node_modules/@expo-google-fonts/plus-jakarta-sans/600SemiBold_Italic/PlusJakartaSans_600SemiBold_Italic.ttf ... 
2026-09-10 10:54:24 +0000  97080 bytes for ./assets/__node_modules/@expo-google-fonts/plus-jakarta-sans/600SemiBold_Italic/PlusJakartaSans_600SemiBold_Italic.ttf
2026-09-10 10:54:24 +0000  copying file ./assets/__node_modules/@expo-google-fonts/plus-jakarta-sans/400Regular_Italic/PlusJakartaSans_400Regular_Italic.ttf ... 
2026-09-10 10:54:24 +0000  96916 bytes for ./assets/__node_modules/@expo-google-fonts/plus-jakarta-sans/400Regular_Italic/PlusJakartaSans_400Regular_Italic.ttf
2026-09-10 10:54:24 +0000  copying file ./assets/__node_modules/@expo-google-fonts/plus-jakarta-sans/600SemiBold/PlusJakartaSans_600SemiBold.ttf ... 
2026-09-10 10:54:24 +0000  94836 bytes for ./assets/__node_modules/@expo-google-fonts/plus-jakarta-sans/600SemiBold/PlusJakartaSans_600SemiBold.ttf
2026-09-10 10:54:24 +0000  copying file ./assets/__node_modules/@expo-google-fonts/plus-jakarta-sans/500Medium/PlusJakartaSans_500Medium.ttf ... 
2026-09-10 10:54:24 +0000  94808 bytes for ./assets/__node_modules/@expo-google-fonts/plus-jakarta-sans/500Medium/PlusJakartaSans_500Medium.ttf
2026-09-10 10:54:24 +0000  copying file ./assets/__node_modules/@expo-google-fonts/plus-jakarta-sans/300Light_Italic/PlusJakartaSans_300Light_Italic.ttf ... 
2026-09-10 10:54:24 +0000  97148 bytes for ./assets/__node_modules/@expo-google-fonts/plus-jakarta-sans/300Light_Italic/PlusJakartaSans_300Light_Italic.ttf
copying file ./assets/__node_modules/@expo-google-fonts/plus-jakarta-sans/800ExtraBold_Italic/PlusJakartaSans_800ExtraBold_Italic.ttf ... 
2026-09-10 10:54:24 +0000  97032 bytes for ./assets/__node_modules/@expo-google-fonts/plus-jakarta-sans/800ExtraBold_Italic/PlusJakartaSans_800ExtraBold_Italic.ttf
2026-09-10 10:54:24 +0000  copying file ./assets/__node_modules/@expo-google-fonts/plus-jakarta-sans/700Bold/PlusJakartaSans_700Bold.ttf ... 
2026-09-10 10:54:24 +0000  94772 bytes for ./assets/__node_modules/@expo-google-fonts/plus-jakarta-sans/700Bold/PlusJakartaSans_700Bold.ttf
copying file ./assets/__node_modules/@expo-google-fonts/plus-jakarta-sans/200ExtraLight_Italic/PlusJakartaSans_200ExtraLight_Italic.ttf ... 
2026-09-10 10:54:24 +0000  97152 bytes for ./assets/__node_modules/@expo-google-fonts/plus-jakarta-sans/200ExtraLight_Italic/PlusJakartaSans_200ExtraLight_Italic.ttf
2026-09-10 10:54:24 +0000  copying file ./assets/__node_modules/@expo-google-fonts/plus-jakarta-sans/400Regular/PlusJakartaSans_400Regular.ttf ... 
2026-09-10 10:54:24 +0000  94756 bytes for ./assets/__node_modules/@expo-google-fonts/plus-jakarta-sans/400Regular/PlusJakartaSans_400Regular.ttf
2026-09-10 10:54:24 +0000  copying file ./assets/__node_modules/@expo-google-fonts/plus-jakarta-sans/300Light/PlusJakartaSans_300Light.ttf ... 
2026-09-10 10:54:24 +0000  94788 bytes for ./assets/__node_modules/@expo-google-fonts/plus-jakarta-sans/300Light/PlusJakartaSans_300Light.ttf
2026-09-10 10:54:24 +0000  copying file ./assets/__node_modules/@expo-google-fonts/poppins/200ExtraLight/Poppins_200ExtraLight.ttf ... 
2026-09-10 10:54:24 +0000  161456 bytes for ./assets/__node_modules/@expo-google-fonts/poppins/200ExtraLight/Poppins_200ExtraLight.ttf
2026-09-10 10:54:24 +0000  copying file ./assets/__node_modules/@expo-google-fonts/poppins/800ExtraBold/Poppins_800ExtraBold.ttf ... 
2026-09-10 10:54:24 +0000  152764 bytes for ./assets/__node_modules/@expo-google-fonts/poppins/800ExtraBold/Poppins_800ExtraBold.ttf
copying file ./assets/__node_modules/@expo-google-fonts/poppins/700Bold_Italic/Poppins_700Bold_Italic.ttf ... 
2026-09-10 10:54:24 +0000  176588 bytes for ./assets/__node_modules/@expo-google-fonts/poppins/700Bold_Italic/Poppins_700Bold_Italic.ttf
copying file ./assets/__node_modules/@expo-google-fonts/poppins/500Medium_Italic/Poppins_500Medium_Italic.ttf ... 
2026-09-10 10:54:24 +0000  180444 bytes for ./assets/__node_modules/@expo-google-fonts/poppins/500Medium_Italic/Poppins_500Medium_Italic.ttf
2026-09-10 10:54:24 +0000  copying file ./assets/__node_modules/@expo-google-fonts/poppins/600SemiBold_Italic/Poppins_600SemiBold_Italic.ttf ... 
2026-09-10 10:54:24 +0000  178584 bytes for ./assets/__node_modules/@expo-google-fonts/poppins/600SemiBold_Italic/Poppins_600SemiBold_Italic.ttf
2026-09-10 10:54:24 +0000  copying file ./assets/__node_modules/@expo-google-fonts/poppins/400Regular_Italic/Poppins_400Regular_Italic.ttf ... 
2026-09-10 10:54:24 +0000  182012 bytes for ./assets/__node_modules/@expo-google-fonts/poppins/400Regular_Italic/Poppins_400Regular_Italic.ttf
2026-09-10 10:54:24 +0000  copying file ./assets/__node_modules/@expo-google-fonts/poppins/100Thin_Italic/Poppins_100Thin_Italic.ttf ... 
2026-09-10 10:54:24 +0000  187044 bytes for ./assets/__node_modules/@expo-google-fonts/poppins/100Thin_Italic/Poppins_100Thin_Italic.ttf
2026-09-10 10:54:24 +0000  copying file ./assets/__node_modules/@expo-google-fonts/poppins/600SemiBold/Poppins_600SemiBold.ttf ... 
2026-09-10 10:54:24 +0000  155232 bytes for ./assets/__node_modules/@expo-google-fonts/poppins/600SemiBold/Poppins_600SemiBold.ttf
2026-09-10 10:54:24 +0000  copying file ./assets/__node_modules/@expo-google-fonts/poppins/500Medium/Poppins_500Medium.ttf ... 
2026-09-10 10:54:24 +0000  156520 bytes for ./assets/__node_modules/@expo-google-fonts/poppins/500Medium/Poppins_500Medium.ttf
2026-09-10 10:54:24 +0000  copying file ./assets/__node_modules/@expo-google-fonts/poppins/300Light_Italic/Poppins_300Light_Italic.ttf ... 
2026-09-10 10:54:24 +0000  184460 bytes for ./assets/__node_modules/@expo-google-fonts/poppins/300Light_Italic/Poppins_300Light_Italic.ttf
2026-09-10 10:54:24 +0000  copying file ./assets/__node_modules/@expo-google-fonts/poppins/800ExtraBold_Italic/Poppins_800ExtraBold_Italic.ttf ... 
2026-09-10 10:54:24 +0000  173916 bytes for ./assets/__node_modules/@expo-google-fonts/poppins/800ExtraBold_Italic/Poppins_800ExtraBold_Italic.ttf
copying file ./assets/__node_modules/@expo-google-fonts/poppins/900Black/Poppins_900Black.ttf ... 
2026-09-10 10:54:24 +0000  151396 bytes for ./assets/__node_modules/@expo-google-fonts/poppins/900Black/Poppins_900Black.ttf
2026-09-10 10:54:24 +0000  copying file ./assets/__node_modules/@expo-google-fonts/poppins/700Bold/Poppins_700Bold.ttf ... 
2026-09-10 10:54:24 +0000  153944 bytes for ./assets/__node_modules/@expo-google-fonts/poppins/700Bold/Poppins_700Bold.ttf
2026-09-10 10:54:24 +0000  copying file ./assets/__node_modules/@expo-google-fonts/poppins/100Thin/Poppins_100Thin.ttf ... 
2026-09-10 10:54:24 +0000  161652 bytes for ./assets/__node_modules/@expo-google-fonts/poppins/100Thin/Poppins_100Thin.ttf
2026-09-10 10:54:24 +0000  copying file ./assets/__node_modules/@expo-google-fonts/poppins/900Black_Italic/Poppins_900Black_Italic.ttf ... 
2026-09-10 10:54:24 +0000  171604 bytes for ./assets/__node_modules/@expo-google-fonts/poppins/900Black_Italic/Poppins_900Black_Italic.ttf
2026-09-10 10:54:24 +0000  copying file ./assets/__node_modules/@expo-google-fonts/poppins/200ExtraLight_Italic/Poppins_200ExtraLight_Italic.ttf ... 
2026-09-10 10:54:24 +0000  186168 bytes for ./assets/__node_modules/@expo-google-fonts/poppins/200ExtraLight_Italic/Poppins_200ExtraLight_Italic.ttf
2026-09-10 10:54:24 +0000  copying file ./assets/__node_modules/@expo-google-fonts/poppins/400Regular/Poppins_400Regular.ttf ... 
2026-09-10 10:54:24 +0000  158240 bytes for ./assets/__node_modules/@expo-google-fonts/poppins/400Regular/Poppins_400Regular.ttf
copying file ./assets/__node_modules/@expo-google-fonts/poppins/300Light/Poppins_300Light.ttf ... 
2026-09-10 10:54:24 +0000  159892 bytes for ./assets/__node_modules/@expo-google-fonts/poppins/300Light/Poppins_300Light.ttf
2026-09-10 10:54:24 +0000  copying file ./Info.plist ... 
2026-09-10 10:54:24 +0000  1791 bytes for ./Info.plist
copying file ./Expo.plist ... 
2026-09-10 10:54:24 +0000  243 bytes for ./Expo.plist
2026-09-10 10:54:24 +0000  copying file ./PkgInfo ... 
2026-09-10 10:54:24 +0000  8 bytes for ./PkgInfo
2026-09-10 10:54:24 +0000  copying file ./React-Core_privacy.bundle/PrivacyInfo.xcprivacy ... 
2026-09-10 10:54:24 +0000  768 bytes for ./React-Core_privacy.bundle/PrivacyInfo.xcprivacy
2026-09-10 10:54:24 +0000  copying file ./React-Core_privacy.bundle/Info.plist ... 
2026-09-10 10:54:24 +0000  786 bytes for ./React-Core_privacy.bundle/Info.plist
2026-09-10 10:54:24 +0000 [MT] /usr/bin/ditto exited with 0
2026-09-10 10:54:24 +0000 [MT] Processing step: IDEDistributionEmbedProfileStep
2026-09-10 10:54:24 +0000 [MT] Skipping profile for item: <IDEDistributionItem: 0x8af7075a0; bundleID='react-native.React', path='<DVTFilePath:0x8af606b20:'/Users/pedropacheco1/levapp-batch-wt2/build/LevApp-16.xcarchive/Products/Applications/LevApp.app/Frameworks/React.framework'>', codeSigningInfo='<_DVTCodeSigningInformation_Path: 0x8af707600; isSigned='1', isAdHocSigned='0', signingCertificate='<DVTSigningCertificate: 0x8af6a4b40; name='Apple Development: Pedro Inácio Meireles do Carmo Pacheco (NHKP68M59M)', hash='EA5B3A378022ED4FBE6277B63E6993FD11B94C58', serialNumber='4525B013CF2179672C2390D1F627D7DF', certificateKinds='(
    "1.2.840.113635.100.6.1.12",
    "1.2.840.113635.100.6.1.2"
), issueDate='2026-07-22 08:27:38 +0000''>', entitlements='(null)', teamID='9K2J8D2ARR', identifier='react-native.React', executablePath='<DVTFilePath:0x8af606d60:'/Users/pedropacheco1/levapp-batch-wt2/build/LevApp-16.xcarchive/Products/Applications/LevApp.app/Frameworks/React.framework/React'>', hardenedRuntime='0'>'>
2026-09-10 10:54:24 +0000 [MT] Skipping profile for item: <IDEDistributionItem: 0x8af7074e0; bundleID='third-party.ReactNativeDependencies', path='<DVTFilePath:0x8b1f75580:'/Users/pedropacheco1/levapp-batch-wt2/build/LevApp-16.xcarchive/Products/Applications/LevApp.app/Frameworks/ReactNativeDependencies.framework'>', codeSigningInfo='<_DVTCodeSigningInformation_Path: 0x8af707540; isSigned='1', isAdHocSigned='0', signingCertificate='<DVTSigningCertificate: 0x8af6a4b40; name='Apple Development: Pedro Inácio Meireles do Carmo Pacheco (NHKP68M59M)', hash='EA5B3A378022ED4FBE6277B63E6993FD11B94C58', serialNumber='4525B013CF2179672C2390D1F627D7DF', certificateKinds='(
    "1.2.840.113635.100.6.1.12",
    "1.2.840.113635.100.6.1.2"
), issueDate='2026-07-22 08:27:38 +0000''>', entitlements='(null)', teamID='9K2J8D2ARR', identifier='third-party.ReactNativeDependencies', executablePath='<DVTFilePath:0x8af4f7790:'/Users/pedropacheco1/levapp-batch-wt2/build/LevApp-16.xcarchive/Products/Applications/LevApp.app/Frameworks/ReactNativeDependencies.framework/ReactNativeDependencies'>', hardenedRuntime='0'>'>
2026-09-10 10:54:24 +0000 [MT] Skipping profile for item: <IDEDistributionItem: 0x8af707480; bundleID='dev.hermesengine.iphoneos', path='<DVTFilePath:0x8af4f78e0:'/Users/pedropacheco1/levapp-batch-wt2/build/LevApp-16.xcarchive/Products/Applications/LevApp.app/Frameworks/hermes.framework'>', codeSigningInfo='<_DVTCodeSigningInformation_Path: 0x8af707360; isSigned='1', isAdHocSigned='0', signingCertificate='<DVTSigningCertificate: 0x8af6a4b40; name='Apple Development: Pedro Inácio Meireles do Carmo Pacheco (NHKP68M59M)', hash='EA5B3A378022ED4FBE6277B63E6993FD11B94C58', serialNumber='4525B013CF2179672C2390D1F627D7DF', certificateKinds='(
    "1.2.840.113635.100.6.1.12",
    "1.2.840.113635.100.6.1.2"
), issueDate='2026-07-22 08:27:38 +0000''>', entitlements='(null)', teamID='9K2J8D2ARR', identifier='dev.hermesengine.iphoneos', executablePath='<DVTFilePath:0x8af00cfc0:'/Users/pedropacheco1/levapp-batch-wt2/build/LevApp-16.xcarchive/Products/Applications/LevApp.app/Frameworks/hermes.framework/hermes'>', hardenedRuntime='0'>'>
2026-09-10 10:54:24 +0000 [MT] Processing step: IDEDistributionInfoPlistStep
2026-09-10 10:54:24 +0000 [MT] Skipping Info.plist step because item: <IDEDistributionItem: 0x8af7075a0; bundleID='react-native.React', path='<DVTFilePath:0x8af606b20:'/Users/pedropacheco1/levapp-batch-wt2/build/LevApp-16.xcarchive/Products/Applications/LevApp.app/Frameworks/React.framework'>', codeSigningInfo='<_DVTCodeSigningInformation_Path: 0x8af707600; isSigned='1', isAdHocSigned='0', signingCertificate='<DVTSigningCertificate: 0x8af6a4b40; name='Apple Development: Pedro Inácio Meireles do Carmo Pacheco (NHKP68M59M)', hash='EA5B3A378022ED4FBE6277B63E6993FD11B94C58', serialNumber='4525B013CF2179672C2390D1F627D7DF', certificateKinds='(
    "1.2.840.113635.100.6.1.12",
    "1.2.840.113635.100.6.1.2"
), issueDate='2026-07-22 08:27:38 +0000''>', entitlements='(null)', teamID='9K2J8D2ARR', identifier='react-native.React', executablePath='<DVTFilePath:0x8af606d60:'/Users/pedropacheco1/levapp-batch-wt2/build/LevApp-16.xcarchive/Products/Applications/LevApp.app/Frameworks/React.framework/React'>', hardenedRuntime='0'>'> is a framework or embedded in a framework.
2026-09-10 10:54:24 +0000 [MT] Skipping Info.plist step because item: <IDEDistributionItem: 0x8af7074e0; bundleID='third-party.ReactNativeDependencies', path='<DVTFilePath:0x8b1f75580:'/Users/pedropacheco1/levapp-batch-wt2/build/LevApp-16.xcarchive/Products/Applications/LevApp.app/Frameworks/ReactNativeDependencies.framework'>', codeSigningInfo='<_DVTCodeSigningInformation_Path: 0x8af707540; isSigned='1', isAdHocSigned='0', signingCertificate='<DVTSigningCertificate: 0x8af6a4b40; name='Apple Development: Pedro Inácio Meireles do Carmo Pacheco (NHKP68M59M)', hash='EA5B3A378022ED4FBE6277B63E6993FD11B94C58', serialNumber='4525B013CF2179672C2390D1F627D7DF', certificateKinds='(
    "1.2.840.113635.100.6.1.12",
    "1.2.840.113635.100.6.1.2"
), issueDate='2026-07-22 08:27:38 +0000''>', entitlements='(null)', teamID='9K2J8D2ARR', identifier='third-party.ReactNativeDependencies', executablePath='<DVTFilePath:0x8af4f7790:'/Users/pedropacheco1/levapp-batch-wt2/build/LevApp-16.xcarchive/Products/Applications/LevApp.app/Frameworks/ReactNativeDependencies.framework/ReactNativeDependencies'>', hardenedRuntime='0'>'> is a framework or embedded in a framework.
2026-09-10 10:54:24 +0000 [MT] Skipping Info.plist step because item: <IDEDistributionItem: 0x8af707480; bundleID='dev.hermesengine.iphoneos', path='<DVTFilePath:0x8af4f78e0:'/Users/pedropacheco1/levapp-batch-wt2/build/LevApp-16.xcarchive/Products/Applications/LevApp.app/Frameworks/hermes.framework'>', codeSigningInfo='<_DVTCodeSigningInformation_Path: 0x8af707360; isSigned='1', isAdHocSigned='0', signingCertificate='<DVTSigningCertificate: 0x8af6a4b40; name='Apple Development: Pedro Inácio Meireles do Carmo Pacheco (NHKP68M59M)', hash='EA5B3A378022ED4FBE6277B63E6993FD11B94C58', serialNumber='4525B013CF2179672C2390D1F627D7DF', certificateKinds='(
    "1.2.840.113635.100.6.1.12",
    "1.2.840.113635.100.6.1.2"
), issueDate='2026-07-22 08:27:38 +0000''>', entitlements='(null)', teamID='9K2J8D2ARR', identifier='dev.hermesengine.iphoneos', executablePath='<DVTFilePath:0x8af00cfc0:'/Users/pedropacheco1/levapp-batch-wt2/build/LevApp-16.xcarchive/Products/Applications/LevApp.app/Frameworks/hermes.framework/hermes'>', hardenedRuntime='0'>'> is a framework or embedded in a framework.
2026-09-10 10:54:24 +0000 [MT] Skipping setting DTXcodeBuildDistribution because toolsBuildVersionName was nil.
2026-09-10 10:54:24 +0000 [MT] Processing step: IDEDistributionItemRemovalStep
2026-09-10 10:54:24 +0000 [MT] Processing step: IDEDistributionAppThinningPlistStep
2026-09-10 10:54:24 +0000 [MT] Skipping step: IDEDistributionAppThinningPlistStep because it said so
2026-09-10 10:54:24 +0000 [MT] Processing step: IDEDistributionSymbolsStep
2026-09-10 10:54:24 +0000 [MT] Writing /var/folders/9f/md89x3zj38j9zh0x6v40xsq80000gp/T/XcodeDistPipeline.~~~Ugmilv/Symbols/ABECB0F2-368E-3E06-A56C-72BEF7E57EEE.symbols
2026-09-10 10:54:24 +0000 [MT] Upload Symbols Failed
2026-09-10 10:54:24 +0000 [MT] Upload Symbols Failed
2026-09-10 10:54:24 +0000 [MT] Upload Symbols Failed
2026-09-10 10:54:24 +0000 [MT] Processing step: IDEDistributionCopyAppleProvidedContentStep
2026-09-10 10:54:24 +0000 [MT] Processing step: IDEDistributionAppThinningStep
2026-09-10 10:54:24 +0000 [MT] Skipping step: IDEDistributionAppThinningStep because it said so
2026-09-10 10:54:24 +0000 [MT] Processing step: IDEDistributionArchThinningStep
2026-09-10 10:54:24 +0000 [MT] Archs to thin for item /Users/pedropacheco1/levapp-batch-wt2/build/LevApp-16.xcarchive/Products/Applications/LevApp.app/Frameworks/React.framework are []
2026-09-10 10:54:24 +0000 [MT] Archs to thin for item /Users/pedropacheco1/levapp-batch-wt2/build/LevApp-16.xcarchive/Products/Applications/LevApp.app/Frameworks/ReactNativeDependencies.framework are []
2026-09-10 10:54:24 +0000 [MT] Archs to thin for item /Users/pedropacheco1/levapp-batch-wt2/build/LevApp-16.xcarchive/Products/Applications/LevApp.app/Frameworks/hermes.framework are []
2026-09-10 10:54:24 +0000 [MT] Archs to thin for item /Users/pedropacheco1/levapp-batch-wt2/build/LevApp-16.xcarchive/Products/Applications/LevApp.app are []
2026-09-10 10:54:24 +0000 [MT] Processing step: IDEDistributionODRStep
2026-09-10 10:54:24 +0000 [MT] Processing step: IDEDistributionStripXattrsStep
2026-09-10 10:54:24 +0000 [MT] Skipping stripping extended attributes because the codesign step will strip them.
2026-09-10 10:54:24 +0000 [MT] Skipping stripping extended attributes because the codesign step will strip them.
2026-09-10 10:54:24 +0000 [MT] Skipping stripping extended attributes because the codesign step will strip them.
2026-09-10 10:54:24 +0000 [MT] Skipping stripping extended attributes because the codesign step will strip them.
2026-09-10 10:54:24 +0000 [MT] Processing step: IDEDistributionCodesignStep
2026-09-10 10:54:24 +0000 [MT] Entitlements for <IDEDistributionItem: 0x8af7075a0; bundleID='react-native.React', path='<DVTFilePath:0x8af606b20:'/Users/pedropacheco1/levapp-batch-wt2/build/LevApp-16.xcarchive/Products/Applications/LevApp.app/Frameworks/React.framework'>', codeSigningInfo='<_DVTCodeSigningInformation_Path: 0x8af707600; isSigned='1', isAdHocSigned='0', signingCertificate='<DVTSigningCertificate: 0x8af6a4b40; name='Apple Development: Pedro Inácio Meireles do Carmo Pacheco (NHKP68M59M)', hash='EA5B3A378022ED4FBE6277B63E6993FD11B94C58', serialNumber='4525B013CF2179672C2390D1F627D7DF', certificateKinds='(
    "1.2.840.113635.100.6.1.12",
    "1.2.840.113635.100.6.1.2"
), issueDate='2026-07-22 08:27:38 +0000''>', entitlements='(null)', teamID='9K2J8D2ARR', identifier='react-native.React', executablePath='<DVTFilePath:0x8af606d60:'/Users/pedropacheco1/levapp-batch-wt2/build/LevApp-16.xcarchive/Products/Applications/LevApp.app/Frameworks/React.framework/React'>', hardenedRuntime='0'>'>: {
}
2026-09-10 10:54:24 +0000 [MT] Associated App Clip Identifiers Filter: Skipping because "com.apple.developer.associated-appclip-app-identifiers" is not present
2026-09-10 10:54:24 +0000 [MT] Entitlements for <IDEDistributionItem: 0x8af7075a0; bundleID='react-native.React', path='<DVTFilePath:0x8af606b20:'/Users/pedropacheco1/levapp-batch-wt2/build/LevApp-16.xcarchive/Products/Applications/LevApp.app/Frameworks/React.framework'>', codeSigningInfo='<_DVTCodeSigningInformation_Path: 0x8af707600; isSigned='1', isAdHocSigned='0', signingCertificate='<DVTSigningCertificate: 0x8af6a4a80; name='Apple Development: Pedro Inácio Meireles do Carmo Pacheco (NHKP68M59M)', hash='EA5B3A378022ED4FBE6277B63E6993FD11B94C58', serialNumber='4525B013CF2179672C2390D1F627D7DF', certificateKinds='(
    "1.2.840.113635.100.6.1.12",
    "1.2.840.113635.100.6.1.2"
), issueDate='2026-07-22 08:27:38 +0000''>', entitlements='(null)', teamID='9K2J8D2ARR', identifier='react-native.React', executablePath='<DVTFilePath:0x8af606d60:'/Users/pedropacheco1/levapp-batch-wt2/build/LevApp-16.xcarchive/Products/Applications/LevApp.app/Frameworks/React.framework/React'>', hardenedRuntime='0'>'> are: {
}
2026-09-10 10:54:24 +0000 [MT] Writing entitlements for <IDEDistributionItem: 0x8af7075a0; bundleID='react-native.React', path='<DVTFilePath:0x8af606b20:'/Users/pedropacheco1/levapp-batch-wt2/build/LevApp-16.xcarchive/Products/Applications/LevApp.app/Frameworks/React.framework'>', codeSigningInfo='<_DVTCodeSigningInformation_Path: 0x8af707600; isSigned='1', isAdHocSigned='0', signingCertificate='<DVTSigningCertificate: 0x8af6a4a80; name='Apple Development: Pedro Inácio Meireles do Carmo Pacheco (NHKP68M59M)', hash='EA5B3A378022ED4FBE6277B63E6993FD11B94C58', serialNumber='4525B013CF2179672C2390D1F627D7DF', certificateKinds='(
    "1.2.840.113635.100.6.1.12",
    "1.2.840.113635.100.6.1.2"
), issueDate='2026-07-22 08:27:38 +0000''>', entitlements='(null)', teamID='9K2J8D2ARR', identifier='react-native.React', executablePath='<DVTFilePath:0x8af606d60:'/Users/pedropacheco1/levapp-batch-wt2/build/LevApp-16.xcarchive/Products/Applications/LevApp.app/Frameworks/React.framework/React'>', hardenedRuntime='0'>'> to: /var/folders/9f/md89x3zj38j9zh0x6v40xsq80000gp/T/XcodeDistPipeline.~~~Ugmilv/entitlements~~~eUNSsW
2026-09-10 10:54:24 +0000 [MT] invoking codesign: <NSConcreteTask: 0x8b2522e40; launchPath='/usr/bin/codesign', arguments='(
    "-f",
    "-s",
    86EB53619F872CF9E9EF7E3A54F1ABB07D83FE8F,
    "--entitlements",
    "/var/folders/9f/md89x3zj38j9zh0x6v40xsq80000gp/T/XcodeDistPipeline.~~~Ugmilv/entitlements~~~eUNSsW",
    "--preserve-metadata=identifier,flags,runtime,launch-constraints,library-constraints",
    "--generate-entitlement-der",
    "--strip-disallowed-xattrs",
    "-vvv",
    "/var/folders/9f/md89x3zj38j9zh0x6v40xsq80000gp/T/XcodeDistPipeline.~~~Ugmilv/Root/Payload/LevApp.app/Frameworks/React.framework"
)'>
2026-09-10 10:54:25 +0000 [MT] codesign output: /var/folders/9f/md89x3zj38j9zh0x6v40xsq80000gp/T/XcodeDistPipeline.~~~Ugmilv/Root/Payload/LevApp.app/Frameworks/React.framework: replacing existing signature
/var/folders/9f/md89x3zj38j9zh0x6v40xsq80000gp/T/XcodeDistPipeline.~~~Ugmilv/Root/Payload/LevApp.app/Frameworks/React.framework: signed bundle with Mach-O thin (arm64) [react-native.React]
2026-09-10 10:54:25 +0000 [MT] Entitlements for <IDEDistributionItem: 0x8af7074e0; bundleID='third-party.ReactNativeDependencies', path='<DVTFilePath:0x8b1f75580:'/Users/pedropacheco1/levapp-batch-wt2/build/LevApp-16.xcarchive/Products/Applications/LevApp.app/Frameworks/ReactNativeDependencies.framework'>', codeSigningInfo='<_DVTCodeSigningInformation_Path: 0x8af707540; isSigned='1', isAdHocSigned='0', signingCertificate='<DVTSigningCertificate: 0x8af6a4b40; name='Apple Development: Pedro Inácio Meireles do Carmo Pacheco (NHKP68M59M)', hash='EA5B3A378022ED4FBE6277B63E6993FD11B94C58', serialNumber='4525B013CF2179672C2390D1F627D7DF', certificateKinds='(
    "1.2.840.113635.100.6.1.12",
    "1.2.840.113635.100.6.1.2"
), issueDate='2026-07-22 08:27:38 +0000''>', entitlements='(null)', teamID='9K2J8D2ARR', identifier='third-party.ReactNativeDependencies', executablePath='<DVTFilePath:0x8af4f7790:'/Users/pedropacheco1/levapp-batch-wt2/build/LevApp-16.xcarchive/Products/Applications/LevApp.app/Frameworks/ReactNativeDependencies.framework/ReactNativeDependencies'>', hardenedRuntime='0'>'>: {
}
2026-09-10 10:54:25 +0000 [MT] Associated App Clip Identifiers Filter: Skipping because "com.apple.developer.associated-appclip-app-identifiers" is not present
2026-09-10 10:54:25 +0000 [MT] Entitlements for <IDEDistributionItem: 0x8af7074e0; bundleID='third-party.ReactNativeDependencies', path='<DVTFilePath:0x8b1f75580:'/Users/pedropacheco1/levapp-batch-wt2/build/LevApp-16.xcarchive/Products/Applications/LevApp.app/Frameworks/ReactNativeDependencies.framework'>', codeSigningInfo='<_DVTCodeSigningInformation_Path: 0x8af707540; isSigned='1', isAdHocSigned='0', signingCertificate='<DVTSigningCertificate: 0x8af6a4240; name='Apple Development: Pedro Inácio Meireles do Carmo Pacheco (NHKP68M59M)', hash='EA5B3A378022ED4FBE6277B63E6993FD11B94C58', serialNumber='4525B013CF2179672C2390D1F627D7DF', certificateKinds='(
    "1.2.840.113635.100.6.1.12",
    "1.2.840.113635.100.6.1.2"
), issueDate='2026-07-22 08:27:38 +0000''>', entitlements='(null)', teamID='9K2J8D2ARR', identifier='third-party.ReactNativeDependencies', executablePath='<DVTFilePath:0x8af4f7790:'/Users/pedropacheco1/levapp-batch-wt2/build/LevApp-16.xcarchive/Products/Applications/LevApp.app/Frameworks/ReactNativeDependencies.framework/ReactNativeDependencies'>', hardenedRuntime='0'>'> are: {
}
2026-09-10 10:54:25 +0000 [MT] Writing entitlements for <IDEDistributionItem: 0x8af7074e0; bundleID='third-party.ReactNativeDependencies', path='<DVTFilePath:0x8b1f75580:'/Users/pedropacheco1/levapp-batch-wt2/build/LevApp-16.xcarchive/Products/Applications/LevApp.app/Frameworks/ReactNativeDependencies.framework'>', codeSigningInfo='<_DVTCodeSigningInformation_Path: 0x8af707540; isSigned='1', isAdHocSigned='0', signingCertificate='<DVTSigningCertificate: 0x8af6a4240; name='Apple Development: Pedro Inácio Meireles do Carmo Pacheco (NHKP68M59M)', hash='EA5B3A378022ED4FBE6277B63E6993FD11B94C58', serialNumber='4525B013CF2179672C2390D1F627D7DF', certificateKinds='(
    "1.2.840.113635.100.6.1.12",
    "1.2.840.113635.100.6.1.2"
), issueDate='2026-07-22 08:27:38 +0000''>', entitlements='(null)', teamID='9K2J8D2ARR', identifier='third-party.ReactNativeDependencies', executablePath='<DVTFilePath:0x8af4f7790:'/Users/pedropacheco1/levapp-batch-wt2/build/LevApp-16.xcarchive/Products/Applications/LevApp.app/Frameworks/ReactNativeDependencies.framework/ReactNativeDependencies'>', hardenedRuntime='0'>'> to: /var/folders/9f/md89x3zj38j9zh0x6v40xsq80000gp/T/XcodeDistPipeline.~~~Ugmilv/entitlements~~~9ghcVa
2026-09-10 10:54:25 +0000 [MT] invoking codesign: <NSConcreteTask: 0x8b2522cb0; launchPath='/usr/bin/codesign', arguments='(
    "-f",
    "-s",
    86EB53619F872CF9E9EF7E3A54F1ABB07D83FE8F,
    "--entitlements",
    "/var/folders/9f/md89x3zj38j9zh0x6v40xsq80000gp/T/XcodeDistPipeline.~~~Ugmilv/entitlements~~~9ghcVa",
    "--preserve-metadata=identifier,flags,runtime,launch-constraints,library-constraints",
    "--generate-entitlement-der",
    "--strip-disallowed-xattrs",
    "-vvv",
    "/var/folders/9f/md89x3zj38j9zh0x6v40xsq80000gp/T/XcodeDistPipeline.~~~Ugmilv/Root/Payload/LevApp.app/Frameworks/ReactNativeDependencies.framework"
)'>
2026-09-10 10:54:25 +0000 [MT] codesign output: /var/folders/9f/md89x3zj38j9zh0x6v40xsq80000gp/T/XcodeDistPipeline.~~~Ugmilv/Root/Payload/LevApp.app/Frameworks/ReactNativeDependencies.framework: replacing existing signature
/var/folders/9f/md89x3zj38j9zh0x6v40xsq80000gp/T/XcodeDistPipeline.~~~Ugmilv/Root/Payload/LevApp.app/Frameworks/ReactNativeDependencies.framework: signed bundle with Mach-O thin (arm64) [third-party.ReactNativeDependencies]
2026-09-10 10:54:25 +0000 [MT] Entitlements for <IDEDistributionItem: 0x8af707480; bundleID='dev.hermesengine.iphoneos', path='<DVTFilePath:0x8af4f78e0:'/Users/pedropacheco1/levapp-batch-wt2/build/LevApp-16.xcarchive/Products/Applications/LevApp.app/Frameworks/hermes.framework'>', codeSigningInfo='<_DVTCodeSigningInformation_Path: 0x8af707360; isSigned='1', isAdHocSigned='0', signingCertificate='<DVTSigningCertificate: 0x8af6a4b40; name='Apple Development: Pedro Inácio Meireles do Carmo Pacheco (NHKP68M59M)', hash='EA5B3A378022ED4FBE6277B63E6993FD11B94C58', serialNumber='4525B013CF2179672C2390D1F627D7DF', certificateKinds='(
    "1.2.840.113635.100.6.1.12",
    "1.2.840.113635.100.6.1.2"
), issueDate='2026-07-22 08:27:38 +0000''>', entitlements='(null)', teamID='9K2J8D2ARR', identifier='dev.hermesengine.iphoneos', executablePath='<DVTFilePath:0x8af00cfc0:'/Users/pedropacheco1/levapp-batch-wt2/build/LevApp-16.xcarchive/Products/Applications/LevApp.app/Frameworks/hermes.framework/hermes'>', hardenedRuntime='0'>'>: {
}
2026-09-10 10:54:25 +0000 [MT] Associated App Clip Identifiers Filter: Skipping because "com.apple.developer.associated-appclip-app-identifiers" is not present
2026-09-10 10:54:25 +0000 [MT] Entitlements for <IDEDistributionItem: 0x8af707480; bundleID='dev.hermesengine.iphoneos', path='<DVTFilePath:0x8af4f78e0:'/Users/pedropacheco1/levapp-batch-wt2/build/LevApp-16.xcarchive/Products/Applications/LevApp.app/Frameworks/hermes.framework'>', codeSigningInfo='<_DVTCodeSigningInformation_Path: 0x8af707360; isSigned='1', isAdHocSigned='0', signingCertificate='<DVTSigningCertificate: 0x8af6a4240; name='Apple Development: Pedro Inácio Meireles do Carmo Pacheco (NHKP68M59M)', hash='EA5B3A378022ED4FBE6277B63E6993FD11B94C58', serialNumber='4525B013CF2179672C2390D1F627D7DF', certificateKinds='(
    "1.2.840.113635.100.6.1.12",
    "1.2.840.113635.100.6.1.2"
), issueDate='2026-07-22 08:27:38 +0000''>', entitlements='(null)', teamID='9K2J8D2ARR', identifier='dev.hermesengine.iphoneos', executablePath='<DVTFilePath:0x8af00cfc0:'/Users/pedropacheco1/levapp-batch-wt2/build/LevApp-16.xcarchive/Products/Applications/LevApp.app/Frameworks/hermes.framework/hermes'>', hardenedRuntime='0'>'> are: {
}
2026-09-10 10:54:25 +0000 [MT] Writing entitlements for <IDEDistributionItem: 0x8af707480; bundleID='dev.hermesengine.iphoneos', path='<DVTFilePath:0x8af4f78e0:'/Users/pedropacheco1/levapp-batch-wt2/build/LevApp-16.xcarchive/Products/Applications/LevApp.app/Frameworks/hermes.framework'>', codeSigningInfo='<_DVTCodeSigningInformation_Path: 0x8af707360; isSigned='1', isAdHocSigned='0', signingCertificate='<DVTSigningCertificate: 0x8af6a4240; name='Apple Development: Pedro Inácio Meireles do Carmo Pacheco (NHKP68M59M)', hash='EA5B3A378022ED4FBE6277B63E6993FD11B94C58', serialNumber='4525B013CF2179672C2390D1F627D7DF', certificateKinds='(
    "1.2.840.113635.100.6.1.12",
    "1.2.840.113635.100.6.1.2"
), issueDate='2026-07-22 08:27:38 +0000''>', entitlements='(null)', teamID='9K2J8D2ARR', identifier='dev.hermesengine.iphoneos', executablePath='<DVTFilePath:0x8af00cfc0:'/Users/pedropacheco1/levapp-batch-wt2/build/LevApp-16.xcarchive/Products/Applications/LevApp.app/Frameworks/hermes.framework/hermes'>', hardenedRuntime='0'>'> to: /var/folders/9f/md89x3zj38j9zh0x6v40xsq80000gp/T/XcodeDistPipeline.~~~Ugmilv/entitlements~~~4hWwzP
2026-09-10 10:54:25 +0000 [MT] invoking codesign: <NSConcreteTask: 0x8b25986e0; launchPath='/usr/bin/codesign', arguments='(
    "-f",
    "-s",
    86EB53619F872CF9E9EF7E3A54F1ABB07D83FE8F,
    "--entitlements",
    "/var/folders/9f/md89x3zj38j9zh0x6v40xsq80000gp/T/XcodeDistPipeline.~~~Ugmilv/entitlements~~~4hWwzP",
    "--preserve-metadata=identifier,flags,runtime,launch-constraints,library-constraints",
    "--generate-entitlement-der",
    "--strip-disallowed-xattrs",
    "-vvv",
    "/var/folders/9f/md89x3zj38j9zh0x6v40xsq80000gp/T/XcodeDistPipeline.~~~Ugmilv/Root/Payload/LevApp.app/Frameworks/hermes.framework"
)'>
2026-09-10 10:54:25 +0000 [MT] codesign output: /var/folders/9f/md89x3zj38j9zh0x6v40xsq80000gp/T/XcodeDistPipeline.~~~Ugmilv/Root/Payload/LevApp.app/Frameworks/hermes.framework: replacing existing signature
/var/folders/9f/md89x3zj38j9zh0x6v40xsq80000gp/T/XcodeDistPipeline.~~~Ugmilv/Root/Payload/LevApp.app/Frameworks/hermes.framework: signed bundle with Mach-O thin (arm64) [dev.hermesengine.iphoneos]
2026-09-10 10:54:25 +0000 [MT] Entitlements for <IDEDistributionItem: 0x8af00ea00; bundleID='com.padellevelup.app', path='<DVTFilePath:0x8b0eba8e0:'/Users/pedropacheco1/levapp-batch-wt2/build/LevApp-16.xcarchive/Products/Applications/LevApp.app'>', codeSigningInfo='<_DVTCodeSigningInformation_Path: 0x8af7076c0; isSigned='1', isAdHocSigned='0', signingCertificate='<DVTSigningCertificate: 0x8af6a4b40; name='Apple Development: Pedro Inácio Meireles do Carmo Pacheco (NHKP68M59M)', hash='EA5B3A378022ED4FBE6277B63E6993FD11B94C58', serialNumber='4525B013CF2179672C2390D1F627D7DF', certificateKinds='(
    "1.2.840.113635.100.6.1.12",
    "1.2.840.113635.100.6.1.2"
), issueDate='2026-07-22 08:27:38 +0000''>', entitlements='{
    "application-identifier" = "9K2J8D2ARR.com.padellevelup.app";
    "aps-environment" = development;
    "com.apple.developer.associated-domains" =     (
        "applinks:levapp.app",
        "applinks:padellevelup.com",
        "applinks:www.padellevelup.com"
    );
    "com.apple.developer.team-identifier" = 9K2J8D2ARR;
    "get-task-allow" = 1;
}', teamID='9K2J8D2ARR', identifier='com.padellevelup.app', executablePath='<DVTFilePath:0x8af606460:'/Users/pedropacheco1/levapp-batch-wt2/build/LevApp-16.xcarchive/Products/Applications/LevApp.app/LevApp'>', hardenedRuntime='0'>'>: {
    "application-identifier" = "9K2J8D2ARR.com.padellevelup.app";
    "aps-environment" = production;
    "beta-reports-active" = 1;
    "com.apple.developer.associated-domains" =     (
        "applinks:levapp.app",
        "applinks:padellevelup.com",
        "applinks:www.padellevelup.com"
    );
    "com.apple.developer.team-identifier" = 9K2J8D2ARR;
    "get-task-allow" = 0;
}
2026-09-10 10:54:25 +0000 [MT] Associated App Clip Identifiers Filter: Skipping because "com.apple.developer.associated-appclip-app-identifiers" is not present
2026-09-10 10:54:25 +0000 [MT] Entitlements for <IDEDistributionItem: 0x8af00ea00; bundleID='com.padellevelup.app', path='<DVTFilePath:0x8b0eba8e0:'/Users/pedropacheco1/levapp-batch-wt2/build/LevApp-16.xcarchive/Products/Applications/LevApp.app'>', codeSigningInfo='<_DVTCodeSigningInformation_Path: 0x8af7076c0; isSigned='1', isAdHocSigned='0', signingCertificate='<DVTSigningCertificate: 0x8af6a4240; name='Apple Development: Pedro Inácio Meireles do Carmo Pacheco (NHKP68M59M)', hash='EA5B3A378022ED4FBE6277B63E6993FD11B94C58', serialNumber='4525B013CF2179672C2390D1F627D7DF', certificateKinds='(
    "1.2.840.113635.100.6.1.12",
    "1.2.840.113635.100.6.1.2"
), issueDate='2026-07-22 08:27:38 +0000''>', entitlements='{
    "application-identifier" = "9K2J8D2ARR.com.padellevelup.app";
    "aps-environment" = development;
    "com.apple.developer.associated-domains" =     (
        "applinks:levapp.app",
        "applinks:padellevelup.com",
        "applinks:www.padellevelup.com"
    );
    "com.apple.developer.team-identifier" = 9K2J8D2ARR;
    "get-task-allow" = 1;
}', teamID='9K2J8D2ARR', identifier='com.padellevelup.app', executablePath='<DVTFilePath:0x8af606460:'/Users/pedropacheco1/levapp-batch-wt2/build/LevApp-16.xcarchive/Products/Applications/LevApp.app/LevApp'>', hardenedRuntime='0'>'> are: {
    "application-identifier" = "9K2J8D2ARR.com.padellevelup.app";
    "aps-environment" = production;
    "beta-reports-active" = 1;
    "com.apple.developer.associated-domains" =     (
        "applinks:levapp.app",
        "applinks:padellevelup.com",
        "applinks:www.padellevelup.com"
    );
    "com.apple.developer.team-identifier" = 9K2J8D2ARR;
    "get-task-allow" = 0;
}
2026-09-10 10:54:25 +0000 [MT] Writing entitlements for <IDEDistributionItem: 0x8af00ea00; bundleID='com.padellevelup.app', path='<DVTFilePath:0x8b0eba8e0:'/Users/pedropacheco1/levapp-batch-wt2/build/LevApp-16.xcarchive/Products/Applications/LevApp.app'>', codeSigningInfo='<_DVTCodeSigningInformation_Path: 0x8af7076c0; isSigned='1', isAdHocSigned='0', signingCertificate='<DVTSigningCertificate: 0x8af6a4240; name='Apple Development: Pedro Inácio Meireles do Carmo Pacheco (NHKP68M59M)', hash='EA5B3A378022ED4FBE6277B63E6993FD11B94C58', serialNumber='4525B013CF2179672C2390D1F627D7DF', certificateKinds='(
    "1.2.840.113635.100.6.1.12",
    "1.2.840.113635.100.6.1.2"
), issueDate='2026-07-22 08:27:38 +0000''>', entitlements='{
    "application-identifier" = "9K2J8D2ARR.com.padellevelup.app";
    "aps-environment" = development;
    "com.apple.developer.associated-domains" =     (
        "applinks:levapp.app",
        "applinks:padellevelup.com",
        "applinks:www.padellevelup.com"
    );
    "com.apple.developer.team-identifier" = 9K2J8D2ARR;
    "get-task-allow" = 1;
}', teamID='9K2J8D2ARR', identifier='com.padellevelup.app', executablePath='<DVTFilePath:0x8af606460:'/Users/pedropacheco1/levapp-batch-wt2/build/LevApp-16.xcarchive/Products/Applications/LevApp.app/LevApp'>', hardenedRuntime='0'>'> to: /var/folders/9f/md89x3zj38j9zh0x6v40xsq80000gp/T/XcodeDistPipeline.~~~Ugmilv/entitlements~~~NaUASr
2026-09-10 10:54:25 +0000 [MT] invoking codesign: <NSConcreteTask: 0x8b25986e0; launchPath='/usr/bin/codesign', arguments='(
    "-f",
    "-s",
    86EB53619F872CF9E9EF7E3A54F1ABB07D83FE8F,
    "--entitlements",
    "/var/folders/9f/md89x3zj38j9zh0x6v40xsq80000gp/T/XcodeDistPipeline.~~~Ugmilv/entitlements~~~NaUASr",
    "--preserve-metadata=identifier,flags,runtime,launch-constraints,library-constraints",
    "--generate-entitlement-der",
    "--strip-disallowed-xattrs",
    "-vvv",
    "/var/folders/9f/md89x3zj38j9zh0x6v40xsq80000gp/T/XcodeDistPipeline.~~~Ugmilv/Root/Payload/LevApp.app"
)'>
2026-09-10 10:54:26 +0000 [MT] codesign output: /var/folders/9f/md89x3zj38j9zh0x6v40xsq80000gp/T/XcodeDistPipeline.~~~Ugmilv/Root/Payload/LevApp.app: replacing existing signature
/var/folders/9f/md89x3zj38j9zh0x6v40xsq80000gp/T/XcodeDistPipeline.~~~Ugmilv/Root/Payload/LevApp.app: signed app bundle with Mach-O thin (arm64) [com.padellevelup.app]
2026-09-10 10:54:26 +0000 [MT] Processing step: IDEDistributionZipODRItemStep
2026-09-10 10:54:26 +0000 [MT] Skipping step: IDEDistributionZipODRItemStep because it said so
2026-09-10 10:54:26 +0000 [MT] Skipping step: IDEDistributionZipODRItemStep because it said so
2026-09-10 10:54:26 +0000 [MT] Skipping step: IDEDistributionZipODRItemStep because it said so
2026-09-10 10:54:26 +0000 [MT] Skipping step: IDEDistributionZipODRItemStep because it said so
2026-09-10 10:54:26 +0000 [MT] Processing step: IDEDistributionCreateIPAStep
2026-09-10 10:54:26 +0000 [MT] Running /usr/bin/rsync '-8aPhhE' '/var/folders/9f/md89x3zj38j9zh0x6v40xsq80000gp/T/XcodeDistPipeline.~~~Ugmilv/Symbols' '--link-dest' '/var/folders/9f/md89x3zj38j9zh0x6v40xsq80000gp/T/XcodeDistPipeline.~~~Ugmilv' '/var/folders/9f/md89x3zj38j9zh0x6v40xsq80000gp/T/XcodeDistPipeline.~~~Ugmilv/Root'
2026-09-10 10:54:26 +0000  Symbols/
._Symbols
            163 170%  723.35KB/s   00:00:00 (xfer#1, to-check=0/4)
2026-09-10 10:54:26 +0000  Symbols/ABECB0F2-368E-3E06-A56C-72BEF7E57EEE.symbols
Symbols/._ABECB0F2-368E-3E06-A56C-72BEF7E57EEE.symbols
            163   0%  144.86KB/s   00:00:00 (xfer#2, to-check=2/4)
2026-09-10 10:54:26 +0000 [MT] /usr/bin/rsync exited with 0
2026-09-10 10:54:26 +0000 [MT] Running /usr/bin/ditto '-V' '-c' '-k' '--norsrc' '/var/folders/9f/md89x3zj38j9zh0x6v40xsq80000gp/T/XcodeDistPipeline.~~~Ugmilv/Root' '/var/folders/9f/md89x3zj38j9zh0x6v40xsq80000gp/T/XcodeDistPipeline.~~~Ugmilv/Packages/LevApp.ipa'
2026-09-10 10:54:26 +0000  >>> Copying /var/folders/9f/md89x3zj38j9zh0x6v40xsq80000gp/T/XcodeDistPipeline.~~~Ugmilv/Root 
2026-09-10 10:54:26 +0000  copying file ./Payload/LevApp.app/_CodeSignature/CodeResources ... 
2026-09-10 10:54:26 +0000  41935 bytes for ./Payload/LevApp.app/_CodeSignature/CodeResources
copying file ./Payload/LevApp.app/LevApp ... 
2026-09-10 10:54:26 +0000  6249600 bytes for ./Payload/LevApp.app/LevApp
2026-09-10 10:54:26 +0000  copying file ./Payload/LevApp.app/SplashScreen.storyboardc/EXPO-VIEWCONTROLLER-1-view-EXPO-ContainerView.nib ... 
2192 bytes for ./Payload/LevApp.app/SplashScreen.storyboardc/EXPO-VIEWCONTROLLER-1-view-EXPO-ContainerView.nib
2026-09-10 10:54:26 +0000  copying file ./Payload/LevApp.app/SplashScreen.storyboardc/SplashScreenViewController.nib ... 
1004 bytes for ./Payload/LevApp.app/SplashScreen.storyboardc/SplashScreenViewController.nib
2026-09-10 10:54:26 +0000  copying file ./Payload/LevApp.app/SplashScreen.storyboardc/Info.plist ... 
2026-09-10 10:54:26 +0000  225 bytes for ./Payload/LevApp.app/SplashScreen.storyboardc/Info.plist
2026-09-10 10:54:26 +0000  copying file ./Payload/LevApp.app/EXUpdates.bundle/app.manifest ... 
2026-09-10 10:54:26 +0000  22882 bytes for ./Payload/LevApp.app/EXUpdates.bundle/app.manifest
2026-09-10 10:54:26 +0000  copying file ./Payload/LevApp.app/EXUpdates.bundle/Info.plist ... 
2026-09-10 10:54:26 +0000  767 bytes for ./Payload/LevApp.app/EXUpdates.bundle/Info.plist
2026-09-10 10:54:26 +0000  copying file ./Payload/LevApp.app/ReachabilitySwift.bundle/PrivacyInfo.xcprivacy ... 
228 bytes for ./Payload/LevApp.app/ReachabilitySwift.bundle/PrivacyInfo.xcprivacy
copying file ./Payload/LevApp.app/ReachabilitySwift.bundle/Info.plist ... 
2026-09-10 10:54:26 +0000  783 bytes for ./Payload/LevApp.app/ReachabilitySwift.bundle/Info.plist
2026-09-10 10:54:26 +0000  copying file ./Payload/LevApp.app/ExpoLocalization_privacy.bundle/PrivacyInfo.xcprivacy ... 
2026-09-10 10:54:26 +0000  607 bytes for ./Payload/LevApp.app/ExpoLocalization_privacy.bundle/PrivacyInfo.xcprivacy
copying file ./Payload/LevApp.app/ExpoLocalization_privacy.bundle/Info.plist ... 
798 bytes for ./Payload/LevApp.app/ExpoLocalization_privacy.bundle/Info.plist
copying file ./Payload/LevApp.app/AppIcon60x60@2x.png ... 
9085 bytes for ./Payload/LevApp.app/AppIcon60x60@2x.png
copying file ./Payload/LevApp.app/ExpoConstants_privacy.bundle/PrivacyInfo.xcprivacy ... 
607 bytes for ./Payload/LevApp.app/ExpoConstants_privacy.bundle/PrivacyInfo.xcprivacy
copying file ./Payload/LevApp.app/ExpoConstants_privacy.bundle/Info.plist ... 
793 bytes for ./Payload/LevApp.app/ExpoConstants_privacy.bundle/Info.plist
copying file ./Payload/LevApp.app/React-cxxreact_privacy.bundle/PrivacyInfo.xcprivacy ... 
552 bytes for ./Payload/LevApp.app/React-cxxreact_privacy.bundle/PrivacyInfo.xcprivacy
copying file ./Payload/LevApp.app/React-cxxreact_privacy.bundle/Info.plist ... 
794 bytes for ./Payload/LevApp.app/React-cxxreact_privacy.bundle/Info.plist
copying file ./Payload/LevApp.app/ExpoApplication_privacy.bundle/PrivacyInfo.xcprivacy ... 
2026-09-10 10:54:26 +0000  608 bytes for ./Payload/LevApp.app/ExpoApplication_privacy.bundle/PrivacyInfo.xcprivacy
copying file ./Payload/LevApp.app/ExpoApplication_privacy.bundle/Info.plist ... 
795 bytes for ./Payload/LevApp.app/ExpoApplication_privacy.bundle/Info.plist
copying file ./Payload/LevApp.app/Assets.car ... 
2026-09-10 10:54:26 +0000  335000 bytes for ./Payload/LevApp.app/Assets.car
2026-09-10 10:54:26 +0000  copying file ./Payload/LevApp.app/AppIcon76x76@2x~ipad.png ... 
2026-09-10 10:54:26 +0000  12651 bytes for ./Payload/LevApp.app/AppIcon76x76@2x~ipad.png
2026-09-10 10:54:26 +0000  copying file ./Payload/LevApp.app/main.jsbundle ... 
2026-09-10 10:54:27 +0000  8902238 bytes for ./Payload/LevApp.app/main.jsbundle
copying file ./Payload/LevApp.app/EXConstants.bundle/app.config ... 
1402 bytes for ./Payload/LevApp.app/EXConstants.bundle/app.config
copying file ./Payload/LevApp.app/EXConstants.bundle/Info.plist ... 
771 bytes for ./Payload/LevApp.app/EXConstants.bundle/Info.plist
copying file ./Payload/LevApp.app/ExpoDevice_privacy.bundle/PrivacyInfo.xcprivacy ... 
2026-09-10 10:54:27 +0000  609 bytes for ./Payload/LevApp.app/ExpoDevice_privacy.bundle/PrivacyInfo.xcprivacy
copying file ./Payload/LevApp.app/ExpoDevice_privacy.bundle/Info.plist ... 
2026-09-10 10:54:27 +0000  786 bytes for ./Payload/LevApp.app/ExpoDevice_privacy.bundle/Info.plist
2026-09-10 10:54:27 +0000  copying file ./Payload/LevApp.app/PrivacyInfo.xcprivacy ... 
1283 bytes for ./Payload/LevApp.app/PrivacyInfo.xcprivacy
2026-09-10 10:54:27 +0000  copying file ./Payload/LevApp.app/ExpoNotifications_privacy.bundle/PrivacyInfo.xcprivacy ... 
607 bytes for ./Payload/LevApp.app/ExpoNotifications_privacy.bundle/PrivacyInfo.xcprivacy
2026-09-10 10:54:27 +0000  copying file ./Payload/LevApp.app/ExpoNotifications_privacy.bundle/Info.plist ... 
2026-09-10 10:54:27 +0000  801 bytes for ./Payload/LevApp.app/ExpoNotifications_privacy.bundle/Info.plist
copying file ./Payload/LevApp.app/RNSVGFilters.bundle/RNSVGArithmeticFilter.iphoneos.metallib ... 
3993 bytes for ./Payload/LevApp.app/RNSVGFilters.bundle/RNSVGArithmeticFilter.iphoneos.metallib
copying file ./Payload/LevApp.app/RNSVGFilters.bundle/RNSVGCompositeXor.iphoneos.metallib ... 
2026-09-10 10:54:27 +0000  3509 bytes for ./Payload/LevApp.app/RNSVGFilters.bundle/RNSVGCompositeXor.iphoneos.metallib
2026-09-10 10:54:27 +0000  copying file ./Payload/LevApp.app/RNSVGFilters.bundle/Info.plist ... 
2026-09-10 10:54:27 +0000  773 bytes for ./Payload/LevApp.app/RNSVGFilters.bundle/Info.plist
2026-09-10 10:54:27 +0000  copying file ./Payload/LevApp.app/ExpoFileSystem_privacy.bundle/PrivacyInfo.xcprivacy ... 
2026-09-10 10:54:27 +0000  877 bytes for ./Payload/LevApp.app/ExpoFileSystem_privacy.bundle/PrivacyInfo.xcprivacy
copying file ./Payload/LevApp.app/ExpoFileSystem_privacy.bundle/Info.plist ... 
795 bytes for ./Payload/LevApp.app/ExpoFileSystem_privacy.bundle/Info.plist
copying file ./Payload/LevApp.app/Frameworks/React.framework/_CodeSignature/CodeResources ... 
1798 bytes for ./Payload/LevApp.app/Frameworks/React.framework/_CodeSignature/CodeResources
2026-09-10 10:54:27 +0000  copying file ./Payload/LevApp.app/Frameworks/React.framework/React ... 
2026-09-10 10:54:28 +0000  11306592 bytes for ./Payload/LevApp.app/Frameworks/React.framework/React
2026-09-10 10:54:28 +0000  copying file ./Payload/LevApp.app/Frameworks/React.framework/Info.plist ... 
749 bytes for ./Payload/LevApp.app/Frameworks/React.framework/Info.plist
2026-09-10 10:54:28 +0000  copying file ./Payload/LevApp.app/Frameworks/ReactNativeDependencies.framework/_CodeSignature/CodeResources ... 
3548 bytes for ./Payload/LevApp.app/Frameworks/ReactNativeDependencies.framework/_CodeSignature/CodeResources
2026-09-10 10:54:28 +0000  copying file ./Payload/LevApp.app/Frameworks/ReactNativeDependencies.framework/ReactNativeDependencies_folly.bundle/PrivacyInfo.xcprivacy ... 
552 bytes for ./Payload/LevApp.app/Frameworks/ReactNativeDependencies.framework/ReactNativeDependencies_folly.bundle/PrivacyInfo.xcprivacy
copying file ./Payload/LevApp.app/Frameworks/ReactNativeDependencies.framework/ReactNativeDependencies_folly.bundle/Info.plist ... 
2026-09-10 10:54:28 +0000  690 bytes for ./Payload/LevApp.app/Frameworks/ReactNativeDependencies.framework/ReactNativeDependencies_folly.bundle/Info.plist
copying file ./Payload/LevApp.app/Frameworks/ReactNativeDependencies.framework/ReactNativeDependencies ... 
2026-09-10 10:54:28 +0000  1279920 bytes for ./Payload/LevApp.app/Frameworks/ReactNativeDependencies.framework/ReactNativeDependencies
2026-09-10 10:54:28 +0000  copying file ./Payload/LevApp.app/Frameworks/ReactNativeDependencies.framework/ReactNativeDependencies_glog.bundle/PrivacyInfo.xcprivacy ... 
2026-09-10 10:54:28 +0000  552 bytes for ./Payload/LevApp.app/Frameworks/ReactNativeDependencies.framework/ReactNativeDependencies_glog.bundle/PrivacyInfo.xcprivacy
2026-09-10 10:54:28 +0000  copying file ./Payload/LevApp.app/Frameworks/ReactNativeDependencies.framework/ReactNativeDependencies_glog.bundle/Info.plist ... 
2026-09-10 10:54:28 +0000  688 bytes for ./Payload/LevApp.app/Frameworks/ReactNativeDependencies.framework/ReactNativeDependencies_glog.bundle/Info.plist
2026-09-10 10:54:28 +0000  copying file ./Payload/LevApp.app/Frameworks/ReactNativeDependencies.framework/ReactNativeDependencies_boost.bundle/PrivacyInfo.xcprivacy ... 
2026-09-10 10:54:28 +0000  776 bytes for ./Payload/LevApp.app/Frameworks/ReactNativeDependencies.framework/ReactNativeDependencies_boost.bundle/PrivacyInfo.xcprivacy
copying file ./Payload/LevApp.app/Frameworks/ReactNativeDependencies.framework/ReactNativeDependencies_boost.bundle/Info.plist ... 
2026-09-10 10:54:28 +0000  690 bytes for ./Payload/LevApp.app/Frameworks/ReactNativeDependencies.framework/ReactNativeDependencies_boost.bundle/Info.plist
2026-09-10 10:54:28 +0000  copying file ./Payload/LevApp.app/Frameworks/ReactNativeDependencies.framework/Info.plist ... 
2026-09-10 10:54:28 +0000  782 bytes for ./Payload/LevApp.app/Frameworks/ReactNativeDependencies.framework/Info.plist
2026-09-10 10:54:28 +0000  copying file ./Payload/LevApp.app/Frameworks/hermes.framework/_CodeSignature/CodeResources ... 
2026-09-10 10:54:28 +0000  1798 bytes for ./Payload/LevApp.app/Frameworks/hermes.framework/_CodeSignature/CodeResources
2026-09-10 10:54:28 +0000  copying file ./Payload/LevApp.app/Frameworks/hermes.framework/hermes ... 
2026-09-10 10:54:28 +0000  4728096 bytes for ./Payload/LevApp.app/Frameworks/hermes.framework/hermes
2026-09-10 10:54:28 +0000  copying file ./Payload/LevApp.app/Frameworks/hermes.framework/Info.plist ... 
2026-09-10 10:54:28 +0000  859 bytes for ./Payload/LevApp.app/Frameworks/hermes.framework/Info.plist
2026-09-10 10:54:28 +0000  copying file ./Payload/LevApp.app/embedded.mobileprovision ... 
2026-09-10 10:54:28 +0000  14742 bytes for ./Payload/LevApp.app/embedded.mobileprovision
2026-09-10 10:54:28 +0000  copying file ./Payload/LevApp.app/assets/node_modules/@react-navigation/elements/lib/module/assets/back-icon@3x.png ... 
2026-09-10 10:54:28 +0000  761 bytes for ./Payload/LevApp.app/assets/node_modules/@react-navigation/elements/lib/module/assets/back-icon@3x.png
copying file ./Payload/LevApp.app/assets/node_modules/@react-navigation/elements/lib/module/assets/back-icon@2x.png ... 
2026-09-10 10:54:28 +0000  405 bytes for ./Payload/LevApp.app/assets/node_modules/@react-navigation/elements/lib/module/assets/back-icon@2x.png
2026-09-10 10:54:28 +0000  copying file ./Payload/LevApp.app/assets/node_modules/@react-navigation/elements/lib/module/assets/search-icon@2x.png ... 
2026-09-10 10:54:28 +0000  589 bytes for ./Payload/LevApp.app/assets/node_modules/@react-navigation/elements/lib/module/assets/search-icon@2x.png
copying file ./Payload/LevApp.app/assets/node_modules/@react-navigation/elements/lib/module/assets/clear-icon@3x.png ... 
2026-09-10 10:54:28 +0000  502 bytes for ./Payload/LevApp.app/assets/node_modules/@react-navigation/elements/lib/module/assets/clear-icon@3x.png
2026-09-10 10:54:28 +0000  copying file ./Payload/LevApp.app/assets/node_modules/@react-navigation/elements/lib/module/assets/back-icon.png ... 
2026-09-10 10:54:28 +0000  290 bytes for ./Payload/LevApp.app/assets/node_modules/@react-navigation/elements/lib/module/assets/back-icon.png
2026-09-10 10:54:28 +0000  copying file ./Payload/LevApp.app/assets/node_modules/@react-navigation/elements/lib/module/assets/clear-icon@2x.png ... 
2026-09-10 10:54:28 +0000  334 bytes for ./Payload/LevApp.app/assets/node_modules/@react-navigation/elements/lib/module/assets/clear-icon@2x.png
2026-09-10 10:54:28 +0000  copying file ./Payload/LevApp.app/assets/node_modules/@react-navigation/elements/lib/module/assets/search-icon@3x.png ... 
2026-09-10 10:54:28 +0000  839 bytes for ./Payload/LevApp.app/assets/node_modules/@react-navigation/elements/lib/module/assets/search-icon@3x.png
2026-09-10 10:54:28 +0000  copying file ./Payload/LevApp.app/assets/node_modules/@react-navigation/elements/lib/module/assets/close-icon.png ... 
2026-09-10 10:54:28 +0000  141 bytes for ./Payload/LevApp.app/assets/node_modules/@react-navigation/elements/lib/module/assets/close-icon.png
2026-09-10 10:54:28 +0000  copying file ./Payload/LevApp.app/assets/node_modules/@react-navigation/elements/lib/module/assets/back-icon-mask.png ... 
2026-09-10 10:54:28 +0000  653 bytes for ./Payload/LevApp.app/assets/node_modules/@react-navigation/elements/lib/module/assets/back-icon-mask.png
2026-09-10 10:54:28 +0000  copying file ./Payload/LevApp.app/assets/node_modules/@react-navigation/elements/lib/module/assets/close-icon@2x.png ... 
2026-09-10 10:54:28 +0000  201 bytes for ./Payload/LevApp.app/assets/node_modules/@react-navigation/elements/lib/module/assets/close-icon@2x.png
2026-09-10 10:54:28 +0000  copying file ./Payload/LevApp.app/assets/node_modules/@react-navigation/elements/lib/module/assets/close-icon@3x.png ... 
2026-09-10 10:54:28 +0000  266 bytes for ./Payload/LevApp.app/assets/node_modules/@react-navigation/elements/lib/module/assets/close-icon@3x.png
2026-09-10 10:54:28 +0000  copying file ./Payload/LevApp.app/assets/node_modules/@react-navigation/elements/lib/module/assets/clear-icon.png ... 
220 bytes for ./Payload/LevApp.app/assets/node_modules/@react-navigation/elements/lib/module/assets/clear-icon.png
2026-09-10 10:54:28 +0000  copying file ./Payload/LevApp.app/assets/node_modules/@react-navigation/elements/lib/module/assets/search-icon.png ... 
2026-09-10 10:54:28 +0000  317 bytes for ./Payload/LevApp.app/assets/node_modules/@react-navigation/elements/lib/module/assets/search-icon.png
copying file ./Payload/LevApp.app/assets/node_modules/@expo/vector-icons/build/vendor/react-native-vector-icons/Fonts/Fontisto.ttf ... 
2026-09-10 10:54:28 +0000  313528 bytes for ./Payload/LevApp.app/assets/node_modules/@expo/vector-icons/build/vendor/react-native-vector-icons/Fonts/Fontisto.ttf
2026-09-10 10:54:28 +0000  copying file ./Payload/LevApp.app/assets/node_modules/@expo/vector-icons/build/vendor/react-native-vector-icons/Fonts/Octicons.ttf ... 
2026-09-10 10:54:28 +0000  69436 bytes for ./Payload/LevApp.app/assets/node_modules/@expo/vector-icons/build/vendor/react-native-vector-icons/Fonts/Octicons.ttf
2026-09-10 10:54:28 +0000  copying file ./Payload/LevApp.app/assets/node_modules/@expo/vector-icons/build/vendor/react-native-vector-icons/Fonts/Feather.ttf ... 
2026-09-10 10:54:28 +0000  55596 bytes for ./Payload/LevApp.app/assets/node_modules/@expo/vector-icons/build/vendor/react-native-vector-icons/Fonts/Feather.ttf
2026-09-10 10:54:28 +0000  copying file ./Payload/LevApp.app/assets/node_modules/@expo/vector-icons/build/vendor/react-native-vector-icons/Fonts/FontAwesome6_Regular.ttf ... 
2026-09-10 10:54:28 +0000  67976 bytes for ./Payload/LevApp.app/assets/node_modules/@expo/vector-icons/build/vendor/react-native-vector-icons/Fonts/FontAwesome6_Regular.ttf
2026-09-10 10:54:28 +0000  copying file ./Payload/LevApp.app/assets/node_modules/@expo/vector-icons/build/vendor/react-native-vector-icons/Fonts/Entypo.ttf ... 
2026-09-10 10:54:28 +0000  66200 bytes for ./Payload/LevApp.app/assets/node_modules/@expo/vector-icons/build/vendor/react-native-vector-icons/Fonts/Entypo.ttf
2026-09-10 10:54:28 +0000  copying file ./Payload/LevApp.app/assets/node_modules/@expo/vector-icons/build/vendor/react-native-vector-icons/Fonts/FontAwesome5_Brands.ttf ... 
2026-09-10 10:54:28 +0000  134040 bytes for ./Payload/LevApp.app/assets/node_modules/@expo/vector-icons/build/vendor/react-native-vector-icons/Fonts/FontAwesome5_Brands.ttf
2026-09-10 10:54:28 +0000  copying file ./Payload/LevApp.app/assets/node_modules/@expo/vector-icons/build/vendor/react-native-vector-icons/Fonts/MaterialCommunityIcons.ttf ... 
2026-09-10 10:54:28 +0000  1307660 bytes for ./Payload/LevApp.app/assets/node_modules/@expo/vector-icons/build/vendor/react-native-vector-icons/Fonts/MaterialCommunityIcons.ttf
2026-09-10 10:54:28 +0000  copying file ./Payload/LevApp.app/assets/node_modules/@expo/vector-icons/build/vendor/react-native-vector-icons/Fonts/AntDesign.ttf ... 
2026-09-10 10:54:28 +0000  130484 bytes for ./Payload/LevApp.app/assets/node_modules/@expo/vector-icons/build/vendor/react-native-vector-icons/Fonts/AntDesign.ttf
copying file ./Payload/LevApp.app/assets/node_modules/@expo/vector-icons/build/vendor/react-native-vector-icons/Fonts/Foundation.ttf ... 
2026-09-10 10:54:28 +0000  56976 bytes for ./Payload/LevApp.app/assets/node_modules/@expo/vector-icons/build/vendor/react-native-vector-icons/Fonts/Foundation.ttf
copying file ./Payload/LevApp.app/assets/node_modules/@expo/vector-icons/build/vendor/react-native-vector-icons/Fonts/Ionicons.ttf ... 
2026-09-10 10:54:28 +0000  389724 bytes for ./Payload/LevApp.app/assets/node_modules/@expo/vector-icons/build/vendor/react-native-vector-icons/Fonts/Ionicons.ttf
2026-09-10 10:54:28 +0000  copying file ./Payload/LevApp.app/assets/node_modules/@expo/vector-icons/build/vendor/react-native-vector-icons/Fonts/FontAwesome5_Solid.ttf ... 
2026-09-10 10:54:28 +0000  202744 bytes for ./Payload/LevApp.app/assets/node_modules/@expo/vector-icons/build/vendor/react-native-vector-icons/Fonts/FontAwesome5_Solid.ttf
copying file ./Payload/LevApp.app/assets/node_modules/@expo/vector-icons/build/vendor/react-native-vector-icons/Fonts/FontAwesome5_Regular.ttf ... 
2026-09-10 10:54:28 +0000  33736 bytes for ./Payload/LevApp.app/assets/node_modules/@expo/vector-icons/build/vendor/react-native-vector-icons/Fonts/FontAwesome5_Regular.ttf
copying file ./Payload/LevApp.app/assets/node_modules/@expo/vector-icons/build/vendor/react-native-vector-icons/Fonts/FontAwesome.ttf ... 
2026-09-10 10:54:28 +0000  165548 bytes for ./Payload/LevApp.app/assets/node_modules/@expo/vector-icons/build/vendor/react-native-vector-icons/Fonts/FontAwesome.ttf
copying file ./Payload/LevApp.app/assets/node_modules/@expo/vector-icons/build/vendor/react-native-vector-icons/Fonts/Zocial.ttf ... 
25788 bytes for ./Payload/LevApp.app/assets/node_modules/@expo/vector-icons/build/vendor/react-native-vector-icons/Fonts/Zocial.ttf
copying file ./Payload/LevApp.app/assets/node_modules/@expo/vector-icons/build/vendor/react-native-vector-icons/Fonts/EvilIcons.ttf ... 
13456 bytes for ./Payload/LevApp.app/assets/node_modules/@expo/vector-icons/build/vendor/react-native-vector-icons/Fonts/EvilIcons.ttf
copying file ./Payload/LevApp.app/assets/node_modules/@expo/vector-icons/build/vendor/react-native-vector-icons/Fonts/FontAwesome6_Solid.ttf ... 
2026-09-10 10:54:28 +0000  423676 bytes for ./Payload/LevApp.app/assets/node_modules/@expo/vector-icons/build/vendor/react-native-vector-icons/Fonts/FontAwesome6_Solid.ttf
copying file ./Payload/LevApp.app/assets/node_modules/@expo/vector-icons/build/vendor/react-native-vector-icons/Fonts/SimpleLineIcons.ttf ... 
2026-09-10 10:54:28 +0000  54056 bytes for ./Payload/LevApp.app/assets/node_modules/@expo/vector-icons/build/vendor/react-native-vector-icons/Fonts/SimpleLineIcons.ttf
copying file ./Payload/LevApp.app/assets/node_modules/@expo/vector-icons/build/vendor/react-native-vector-icons/Fonts/FontAwesome6_Brands.ttf ... 
2026-09-10 10:54:28 +0000  209376 bytes for ./Payload/LevApp.app/assets/node_modules/@expo/vector-icons/build/vendor/react-native-vector-icons/Fonts/FontAwesome6_Brands.ttf
copying file ./Payload/LevApp.app/assets/node_modules/@expo/vector-icons/build/vendor/react-native-vector-icons/Fonts/MaterialIcons.ttf ... 
2026-09-10 10:54:28 +0000  356840 bytes for ./Payload/LevApp.app/assets/node_modules/@expo/vector-icons/build/vendor/react-native-vector-icons/Fonts/MaterialIcons.ttf
copying file ./Payload/LevApp.app/assets/node_modules/expo-router/assets/pkg.png ... 
2026-09-10 10:54:28 +0000  364 bytes for ./Payload/LevApp.app/assets/node_modules/expo-router/assets/pkg.png
copying file ./Payload/LevApp.app/assets/node_modules/expo-router/assets/unmatched.png ... 
2026-09-10 10:54:28 +0000  4752 bytes for ./Payload/LevApp.app/assets/node_modules/expo-router/assets/unmatched.png
2026-09-10 10:54:28 +0000  copying file ./Payload/LevApp.app/assets/node_modules/expo-router/assets/file.png ... 
2026-09-10 10:54:28 +0000  138 bytes for ./Payload/LevApp.app/assets/node_modules/expo-router/assets/file.png
2026-09-10 10:54:28 +0000  copying file ./Payload/LevApp.app/assets/node_modules/expo-router/assets/forward.png ... 
188 bytes for ./Payload/LevApp.app/assets/node_modules/expo-router/assets/forward.png
copying file ./Payload/LevApp.app/assets/node_modules/expo-router/assets/error.png ... 
2026-09-10 10:54:28 +0000  469 bytes for ./Payload/LevApp.app/assets/node_modules/expo-router/assets/error.png
2026-09-10 10:54:28 +0000  copying file ./Payload/LevApp.app/assets/node_modules/expo-router/assets/sitemap.png ... 
2026-09-10 10:54:28 +0000  465 bytes for ./Payload/LevApp.app/assets/node_modules/expo-router/assets/sitemap.png
2026-09-10 10:54:28 +0000  copying file ./Payload/LevApp.app/assets/node_modules/expo-router/assets/arrow_down.png ... 
2026-09-10 10:54:28 +0000  9456 bytes for ./Payload/LevApp.app/assets/node_modules/expo-router/assets/arrow_down.png
2026-09-10 10:54:28 +0000  copying file ./Payload/LevApp.app/assets/__node_modules/@expo-google-fonts/plus-jakarta-sans/200ExtraLight/PlusJakartaSans_200ExtraLight.ttf ... 
2026-09-10 10:54:28 +0000  94760 bytes for ./Payload/LevApp.app/assets/__node_modules/@expo-google-fonts/plus-jakarta-sans/200ExtraLight/PlusJakartaSans_200ExtraLight.ttf
2026-09-10 10:54:28 +0000  copying file ./Payload/LevApp.app/assets/__node_modules/@expo-google-fonts/plus-jakarta-sans/800ExtraBold/PlusJakartaSans_800ExtraBold.ttf ... 
2026-09-10 10:54:28 +0000  94780 bytes for ./Payload/LevApp.app/assets/__node_modules/@expo-google-fonts/plus-jakarta-sans/800ExtraBold/PlusJakartaSans_800ExtraBold.ttf
copying file ./Payload/LevApp.app/assets/__node_modules/@expo-google-fonts/plus-jakarta-sans/700Bold_Italic/PlusJakartaSans_700Bold_Italic.ttf ... 
2026-09-10 10:54:28 +0000  97000 bytes for ./Payload/LevApp.app/assets/__node_modules/@expo-google-fonts/plus-jakarta-sans/700Bold_Italic/PlusJakartaSans_700Bold_Italic.ttf
2026-09-10 10:54:28 +0000  copying file ./Payload/LevApp.app/assets/__node_modules/@expo-google-fonts/plus-jakarta-sans/500Medium_Italic/PlusJakartaSans_500Medium_Italic.ttf ... 
2026-09-10 10:54:28 +0000  97116 bytes for ./Payload/LevApp.app/assets/__node_modules/@expo-google-fonts/plus-jakarta-sans/500Medium_Italic/PlusJakartaSans_500Medium_Italic.ttf
2026-09-10 10:54:28 +0000  copying file ./Payload/LevApp.app/assets/__node_modules/@expo-google-fonts/plus-jakarta-sans/600SemiBold_Italic/PlusJakartaSans_600SemiBold_Italic.ttf ... 
2026-09-10 10:54:28 +0000  97080 bytes for ./Payload/LevApp.app/assets/__node_modules/@expo-google-fonts/plus-jakarta-sans/600SemiBold_Italic/PlusJakartaSans_600SemiBold_Italic.ttf
2026-09-10 10:54:28 +0000  copying file ./Payload/LevApp.app/assets/__node_modules/@expo-google-fonts/plus-jakarta-sans/400Regular_Italic/PlusJakartaSans_400Regular_Italic.ttf ... 
2026-09-10 10:54:28 +0000  96916 bytes for ./Payload/LevApp.app/assets/__node_modules/@expo-google-fonts/plus-jakarta-sans/400Regular_Italic/PlusJakartaSans_400Regular_Italic.ttf
copying file ./Payload/LevApp.app/assets/__node_modules/@expo-google-fonts/plus-jakarta-sans/600SemiBold/PlusJakartaSans_600SemiBold.ttf ... 
2026-09-10 10:54:28 +0000  94836 bytes for ./Payload/LevApp.app/assets/__node_modules/@expo-google-fonts/plus-jakarta-sans/600SemiBold/PlusJakartaSans_600SemiBold.ttf
copying file ./Payload/LevApp.app/assets/__node_modules/@expo-google-fonts/plus-jakarta-sans/500Medium/PlusJakartaSans_500Medium.ttf ... 
2026-09-10 10:54:28 +0000  94808 bytes for ./Payload/LevApp.app/assets/__node_modules/@expo-google-fonts/plus-jakarta-sans/500Medium/PlusJakartaSans_500Medium.ttf
2026-09-10 10:54:28 +0000  copying file ./Payload/LevApp.app/assets/__node_modules/@expo-google-fonts/plus-jakarta-sans/300Light_Italic/PlusJakartaSans_300Light_Italic.ttf ... 
2026-09-10 10:54:28 +0000  97148 bytes for ./Payload/LevApp.app/assets/__node_modules/@expo-google-fonts/plus-jakarta-sans/300Light_Italic/PlusJakartaSans_300Light_Italic.ttf
2026-09-10 10:54:28 +0000  copying file ./Payload/LevApp.app/assets/__node_modules/@expo-google-fonts/plus-jakarta-sans/800ExtraBold_Italic/PlusJakartaSans_800ExtraBold_Italic.ttf ... 
2026-09-10 10:54:28 +0000  97032 bytes for ./Payload/LevApp.app/assets/__node_modules/@expo-google-fonts/plus-jakarta-sans/800ExtraBold_Italic/PlusJakartaSans_800ExtraBold_Italic.ttf
2026-09-10 10:54:28 +0000  copying file ./Payload/LevApp.app/assets/__node_modules/@expo-google-fonts/plus-jakarta-sans/700Bold/PlusJakartaSans_700Bold.ttf ... 
2026-09-10 10:54:28 +0000  94772 bytes for ./Payload/LevApp.app/assets/__node_modules/@expo-google-fonts/plus-jakarta-sans/700Bold/PlusJakartaSans_700Bold.ttf
2026-09-10 10:54:28 +0000  copying file ./Payload/LevApp.app/assets/__node_modules/@expo-google-fonts/plus-jakarta-sans/200ExtraLight_Italic/PlusJakartaSans_200ExtraLight_Italic.ttf ... 
2026-09-10 10:54:28 +0000  97152 bytes for ./Payload/LevApp.app/assets/__node_modules/@expo-google-fonts/plus-jakarta-sans/200ExtraLight_Italic/PlusJakartaSans_200ExtraLight_Italic.ttf
copying file ./Payload/LevApp.app/assets/__node_modules/@expo-google-fonts/plus-jakarta-sans/400Regular/PlusJakartaSans_400Regular.ttf ... 
2026-09-10 10:54:28 +0000  94756 bytes for ./Payload/LevApp.app/assets/__node_modules/@expo-google-fonts/plus-jakarta-sans/400Regular/PlusJakartaSans_400Regular.ttf
copying file ./Payload/LevApp.app/assets/__node_modules/@expo-google-fonts/plus-jakarta-sans/300Light/PlusJakartaSans_300Light.ttf ... 
2026-09-10 10:54:28 +0000  94788 bytes for ./Payload/LevApp.app/assets/__node_modules/@expo-google-fonts/plus-jakarta-sans/300Light/PlusJakartaSans_300Light.ttf
2026-09-10 10:54:28 +0000  copying file ./Payload/LevApp.app/assets/__node_modules/@expo-google-fonts/poppins/200ExtraLight/Poppins_200ExtraLight.ttf ... 
2026-09-10 10:54:28 +0000  161456 bytes for ./Payload/LevApp.app/assets/__node_modules/@expo-google-fonts/poppins/200ExtraLight/Poppins_200ExtraLight.ttf
2026-09-10 10:54:28 +0000  copying file ./Payload/LevApp.app/assets/__node_modules/@expo-google-fonts/poppins/800ExtraBold/Poppins_800ExtraBold.ttf ... 
2026-09-10 10:54:28 +0000  152764 bytes for ./Payload/LevApp.app/assets/__node_modules/@expo-google-fonts/poppins/800ExtraBold/Poppins_800ExtraBold.ttf
2026-09-10 10:54:28 +0000  copying file ./Payload/LevApp.app/assets/__node_modules/@expo-google-fonts/poppins/700Bold_Italic/Poppins_700Bold_Italic.ttf ... 
2026-09-10 10:54:28 +0000  176588 bytes for ./Payload/LevApp.app/assets/__node_modules/@expo-google-fonts/poppins/700Bold_Italic/Poppins_700Bold_Italic.ttf
2026-09-10 10:54:28 +0000  copying file ./Payload/LevApp.app/assets/__node_modules/@expo-google-fonts/poppins/500Medium_Italic/Poppins_500Medium_Italic.ttf ... 
2026-09-10 10:54:28 +0000  180444 bytes for ./Payload/LevApp.app/assets/__node_modules/@expo-google-fonts/poppins/500Medium_Italic/Poppins_500Medium_Italic.ttf
2026-09-10 10:54:28 +0000  copying file ./Payload/LevApp.app/assets/__node_modules/@expo-google-fonts/poppins/600SemiBold_Italic/Poppins_600SemiBold_Italic.ttf ... 
2026-09-10 10:54:28 +0000  178584 bytes for ./Payload/LevApp.app/assets/__node_modules/@expo-google-fonts/poppins/600SemiBold_Italic/Poppins_600SemiBold_Italic.ttf
copying file ./Payload/LevApp.app/assets/__node_modules/@expo-google-fonts/poppins/400Regular_Italic/Poppins_400Regular_Italic.ttf ... 
2026-09-10 10:54:28 +0000  182012 bytes for ./Payload/LevApp.app/assets/__node_modules/@expo-google-fonts/poppins/400Regular_Italic/Poppins_400Regular_Italic.ttf
2026-09-10 10:54:28 +0000  copying file ./Payload/LevApp.app/assets/__node_modules/@expo-google-fonts/poppins/100Thin_Italic/Poppins_100Thin_Italic.ttf ... 
2026-09-10 10:54:28 +0000  187044 bytes for ./Payload/LevApp.app/assets/__node_modules/@expo-google-fonts/poppins/100Thin_Italic/Poppins_100Thin_Italic.ttf
2026-09-10 10:54:28 +0000  copying file ./Payload/LevApp.app/assets/__node_modules/@expo-google-fonts/poppins/600SemiBold/Poppins_600SemiBold.ttf ... 
2026-09-10 10:54:28 +0000  155232 bytes for ./Payload/LevApp.app/assets/__node_modules/@expo-google-fonts/poppins/600SemiBold/Poppins_600SemiBold.ttf
copying file ./Payload/LevApp.app/assets/__node_modules/@expo-google-fonts/poppins/500Medium/Poppins_500Medium.ttf ... 
2026-09-10 10:54:28 +0000  156520 bytes for ./Payload/LevApp.app/assets/__node_modules/@expo-google-fonts/poppins/500Medium/Poppins_500Medium.ttf
2026-09-10 10:54:28 +0000  copying file ./Payload/LevApp.app/assets/__node_modules/@expo-google-fonts/poppins/300Light_Italic/Poppins_300Light_Italic.ttf ... 
2026-09-10 10:54:29 +0000  184460 bytes for ./Payload/LevApp.app/assets/__node_modules/@expo-google-fonts/poppins/300Light_Italic/Poppins_300Light_Italic.ttf
2026-09-10 10:54:29 +0000  copying file ./Payload/LevApp.app/assets/__node_modules/@expo-google-fonts/poppins/800ExtraBold_Italic/Poppins_800ExtraBold_Italic.ttf ... 
2026-09-10 10:54:29 +0000  173916 bytes for ./Payload/LevApp.app/assets/__node_modules/@expo-google-fonts/poppins/800ExtraBold_Italic/Poppins_800ExtraBold_Italic.ttf
2026-09-10 10:54:29 +0000  copying file ./Payload/LevApp.app/assets/__node_modules/@expo-google-fonts/poppins/900Black/Poppins_900Black.ttf ... 
2026-09-10 10:54:29 +0000  151396 bytes for ./Payload/LevApp.app/assets/__node_modules/@expo-google-fonts/poppins/900Black/Poppins_900Black.ttf
copying file ./Payload/LevApp.app/assets/__node_modules/@expo-google-fonts/poppins/700Bold/Poppins_700Bold.ttf ... 
2026-09-10 10:54:29 +0000  153944 bytes for ./Payload/LevApp.app/assets/__node_modules/@expo-google-fonts/poppins/700Bold/Poppins_700Bold.ttf
copying file ./Payload/LevApp.app/assets/__node_modules/@expo-google-fonts/poppins/100Thin/Poppins_100Thin.ttf ... 
2026-09-10 10:54:29 +0000  161652 bytes for ./Payload/LevApp.app/assets/__node_modules/@expo-google-fonts/poppins/100Thin/Poppins_100Thin.ttf
2026-09-10 10:54:29 +0000  copying file ./Payload/LevApp.app/assets/__node_modules/@expo-google-fonts/poppins/900Black_Italic/Poppins_900Black_Italic.ttf ... 
2026-09-10 10:54:29 +0000  171604 bytes for ./Payload/LevApp.app/assets/__node_modules/@expo-google-fonts/poppins/900Black_Italic/Poppins_900Black_Italic.ttf
2026-09-10 10:54:29 +0000  copying file ./Payload/LevApp.app/assets/__node_modules/@expo-google-fonts/poppins/200ExtraLight_Italic/Poppins_200ExtraLight_Italic.ttf ... 
2026-09-10 10:54:29 +0000  186168 bytes for ./Payload/LevApp.app/assets/__node_modules/@expo-google-fonts/poppins/200ExtraLight_Italic/Poppins_200ExtraLight_Italic.ttf
2026-09-10 10:54:29 +0000  copying file ./Payload/LevApp.app/assets/__node_modules/@expo-google-fonts/poppins/400Regular/Poppins_400Regular.ttf ... 
2026-09-10 10:54:29 +0000  158240 bytes for ./Payload/LevApp.app/assets/__node_modules/@expo-google-fonts/poppins/400Regular/Poppins_400Regular.ttf
2026-09-10 10:54:29 +0000  copying file ./Payload/LevApp.app/assets/__node_modules/@expo-google-fonts/poppins/300Light/Poppins_300Light.ttf ... 
2026-09-10 10:54:29 +0000  159892 bytes for ./Payload/LevApp.app/assets/__node_modules/@expo-google-fonts/poppins/300Light/Poppins_300Light.ttf
2026-09-10 10:54:29 +0000  copying file ./Payload/LevApp.app/Info.plist ... 
1791 bytes for ./Payload/LevApp.app/Info.plist
copying file ./Payload/LevApp.app/Expo.plist ... 
243 bytes for ./Payload/LevApp.app/Expo.plist
copying file ./Payload/LevApp.app/PkgInfo ... 
8 bytes for ./Payload/LevApp.app/PkgInfo
copying file ./Payload/LevApp.app/React-Core_privacy.bundle/PrivacyInfo.xcprivacy ... 
768 bytes for ./Payload/LevApp.app/React-Core_privacy.bundle/PrivacyInfo.xcprivacy
copying file ./Payload/LevApp.app/React-Core_privacy.bundle/Info.plist ... 
786 bytes for ./Payload/LevApp.app/React-Core_privacy.bundle/Info.plist
copying file ./Symbols/ABECB0F2-368E-3E06-A56C-72BEF7E57EEE.symbols ... 
2026-09-10 10:54:29 +0000  22807356 bytes for ./Symbols/ABECB0F2-368E-3E06-A56C-72BEF7E57EEE.symbols
2026-09-10 10:54:29 +0000 [MT] /usr/bin/ditto exited with 0
2026-09-10 10:54:29 +0000 [MT] Processing step: IDEDistributionAppStoreInformationStep
2026-09-10 10:54:29 +0000 [MT] Skipping step: IDEDistributionAppStoreInformationStep because it said so
2026-09-10 10:54:29 +0000 [MT] Processing step: IDEDistributionGenerateProcessedDistributionItems
2026-09-10 10:54:29 +0000 [MT] IDEDistributionItem init <DVTFilePath:0x8af1380c0:'/var/folders/9f/md89x3zj38j9zh0x6v40xsq80000gp/T/XcodeDistPipeline.~~~Ugmilv/Root/Payload/LevApp.app/Frameworks/React.framework'>
2026-09-10 10:54:29 +0000 [MT] IDEDistributionItem init <DVTFilePath:0x8b1361900:'/var/folders/9f/md89x3zj38j9zh0x6v40xsq80000gp/T/XcodeDistPipeline.~~~Ugmilv/Root/Payload/LevApp.app/Frameworks/ReactNativeDependencies.framework'>
2026-09-10 10:54:29 +0000 [MT] IDEDistributionItem init <DVTFilePath:0x8af095dc0:'/var/folders/9f/md89x3zj38j9zh0x6v40xsq80000gp/T/XcodeDistPipeline.~~~Ugmilv/Root/Payload/LevApp.app/Frameworks/hermes.framework'>
2026-09-10 10:54:29 +0000 [MT] IDEDistributionItem init <DVTFilePath:0x8af138120:'/var/folders/9f/md89x3zj38j9zh0x6v40xsq80000gp/T/XcodeDistPipeline.~~~Ugmilv/Root/Payload/LevApp.app'>
2026-09-10 10:54:29 +0000 [MT] Processing step: IDEDistributionCreateManifestStep
2026-09-10 10:54:29 +0000 [MT] Skipping step: IDEDistributionCreateManifestStep because it said so
